Archive member included to satisfy reference by file (symbol)

D:/ST/STM32CubeIDE_1.16.1/STM32CubeIDE/plugins/com.st.stm32cube.ide.mcu.externaltools.gnu-tools-for-stm32.12.3.rel1.win32_1.0.200.202406191623/tools/bin/../lib/gcc/arm-none-eabi/12.3.1/../../../../arm-none-eabi/lib/thumb/v7-m/nofp\libc_nano.a(libc_a-exit.o)
                              D:/ST/STM32CubeIDE_1.16.1/STM32CubeIDE/plugins/com.st.stm32cube.ide.mcu.externaltools.gnu-tools-for-stm32.12.3.rel1.win32_1.0.200.202406191623/tools/bin/../lib/gcc/arm-none-eabi/12.3.1/../../../../arm-none-eabi/lib/thumb/v7-m/nofp/crt0.o (exit)
D:/ST/STM32CubeIDE_1.16.1/STM32CubeIDE/plugins/com.st.stm32cube.ide.mcu.externaltools.gnu-tools-for-stm32.12.3.rel1.win32_1.0.200.202406191623/tools/bin/../lib/gcc/arm-none-eabi/12.3.1/../../../../arm-none-eabi/lib/thumb/v7-m/nofp\libc_nano.a(libc_a-findfp.o)
                              D:/ST/STM32CubeIDE_1.16.1/STM32CubeIDE/plugins/com.st.stm32cube.ide.mcu.externaltools.gnu-tools-for-stm32.12.3.rel1.win32_1.0.200.202406191623/tools/bin/../lib/gcc/arm-none-eabi/12.3.1/../../../../arm-none-eabi/lib/thumb/v7-m/nofp\libc_nano.a(libc_a-exit.o) (__stdio_exit_handler)
D:/ST/STM32CubeIDE_1.16.1/STM32CubeIDE/plugins/com.st.stm32cube.ide.mcu.externaltools.gnu-tools-for-stm32.12.3.rel1.win32_1.0.200.202406191623/tools/bin/../lib/gcc/arm-none-eabi/12.3.1/../../../../arm-none-eabi/lib/thumb/v7-m/nofp\libc_nano.a(libc_a-fwalk.o)
                              D:/ST/STM32CubeIDE_1.16.1/STM32CubeIDE/plugins/com.st.stm32cube.ide.mcu.externaltools.gnu-tools-for-stm32.12.3.rel1.win32_1.0.200.202406191623/tools/bin/../lib/gcc/arm-none-eabi/12.3.1/../../../../arm-none-eabi/lib/thumb/v7-m/nofp\libc_nano.a(libc_a-findfp.o) (_fwalk_sglue)
D:/ST/STM32CubeIDE_1.16.1/STM32CubeIDE/plugins/com.st.stm32cube.ide.mcu.externaltools.gnu-tools-for-stm32.12.3.rel1.win32_1.0.200.202406191623/tools/bin/../lib/gcc/arm-none-eabi/12.3.1/../../../../arm-none-eabi/lib/thumb/v7-m/nofp\libc_nano.a(libc_a-snprintf.o)
                              ./Core/Src/main.o (snprintf)
D:/ST/STM32CubeIDE_1.16.1/STM32CubeIDE/plugins/com.st.stm32cube.ide.mcu.externaltools.gnu-tools-for-stm32.12.3.rel1.win32_1.0.200.202406191623/tools/bin/../lib/gcc/arm-none-eabi/12.3.1/../../../../arm-none-eabi/lib/thumb/v7-m/nofp\libc_nano.a(libc_a-stdio.o)
                              D:/ST/STM32CubeIDE_1.16.1/STM32CubeIDE/plugins/com.st.stm32cube.ide.mcu.externaltools.gnu-tools-for-stm32.12.3.rel1.win32_1.0.200.202406191623/tools/bin/../lib/gcc/arm-none-eabi/12.3.1/../../../../arm-none-eabi/lib/thumb/v7-m/nofp\libc_nano.a(libc_a-findfp.o) (__sread)
D:/ST/STM32CubeIDE_1.16.1/STM32CubeIDE/plugins/com.st.stm32cube.ide.mcu.externaltools.gnu-tools-for-stm32.12.3.rel1.win32_1.0.200.202406191623/tools/bin/../lib/gcc/arm-none-eabi/12.3.1/../../../../arm-none-eabi/lib/thumb/v7-m/nofp\libc_nano.a(libc_a-memset.o)
                              D:/ST/STM32CubeIDE_1.16.1/STM32CubeIDE/plugins/com.st.stm32cube.ide.mcu.externaltools.gnu-tools-for-stm32.12.3.rel1.win32_1.0.200.202406191623/tools/bin/../lib/gcc/arm-none-eabi/12.3.1/../../../../arm-none-eabi/lib/thumb/v7-m/nofp/crt0.o (memset)
D:/ST/STM32CubeIDE_1.16.1/STM32CubeIDE/plugins/com.st.stm32cube.ide.mcu.externaltools.gnu-tools-for-stm32.12.3.rel1.win32_1.0.200.202406191623/tools/bin/../lib/gcc/arm-none-eabi/12.3.1/../../../../arm-none-eabi/lib/thumb/v7-m/nofp\libc_nano.a(libc_a-strncmp.o)
                              ./Core/Src/main.o (strncmp)
D:/ST/STM32CubeIDE_1.16.1/STM32CubeIDE/plugins/com.st.stm32cube.ide.mcu.externaltools.gnu-tools-for-stm32.12.3.rel1.win32_1.0.200.202406191623/tools/bin/../lib/gcc/arm-none-eabi/12.3.1/../../../../arm-none-eabi/lib/thumb/v7-m/nofp\libc_nano.a(libc_a-closer.o)
                              D:/ST/STM32CubeIDE_1.16.1/STM32CubeIDE/plugins/com.st.stm32cube.ide.mcu.externaltools.gnu-tools-for-stm32.12.3.rel1.win32_1.0.200.202406191623/tools/bin/../lib/gcc/arm-none-eabi/12.3.1/../../../../arm-none-eabi/lib/thumb/v7-m/nofp\libc_nano.a(libc_a-stdio.o) (_close_r)
D:/ST/STM32CubeIDE_1.16.1/STM32CubeIDE/plugins/com.st.stm32cube.ide.mcu.externaltools.gnu-tools-for-stm32.12.3.rel1.win32_1.0.200.202406191623/tools/bin/../lib/gcc/arm-none-eabi/12.3.1/../../../../arm-none-eabi/lib/thumb/v7-m/nofp\libc_nano.a(libc_a-reent.o)
                              D:/ST/STM32CubeIDE_1.16.1/STM32CubeIDE/plugins/com.st.stm32cube.ide.mcu.externaltools.gnu-tools-for-stm32.12.3.rel1.win32_1.0.200.202406191623/tools/bin/../lib/gcc/arm-none-eabi/12.3.1/../../../../arm-none-eabi/lib/thumb/v7-m/nofp\libc_nano.a(libc_a-closer.o) (errno)
D:/ST/STM32CubeIDE_1.16.1/STM32CubeIDE/plugins/com.st.stm32cube.ide.mcu.externaltools.gnu-tools-for-stm32.12.3.rel1.win32_1.0.200.202406191623/tools/bin/../lib/gcc/arm-none-eabi/12.3.1/../../../../arm-none-eabi/lib/thumb/v7-m/nofp\libc_nano.a(libc_a-impure.o)
[...]
Memory Configuration

Name             Origin             Length             Attributes
RAM              0x20000000         0x00005000         xrw
FLASH            0x08000000         0x00010000         xr
*default*        0x00000000         0xffffffff

Linker script and memory map

LOAD D:/ST/STM32CubeIDE_1.16.1/STM32CubeIDE/plugins/com.st.stm32cube.ide.mcu.externaltools.gnu-tools-for-stm32.12.3.rel1.win32_1.0.200.202406191623/tools/bin/../lib/gcc/arm-none-eabi/12.3.1/thumb/v7-m/nofp/crti.o
LOAD D:/ST/STM32CubeIDE_1.16.1/STM32CubeIDE/plugins/com.st.stm32cube.ide.mcu.externaltools.gnu-tools-for-stm32.12.3.rel1.win32_1.0.200.202406191623/tools/bin/../lib/gcc/arm-none-eabi/12.3.1/thumb/v7-m/nofp/crtbegin.o
LOAD D:/ST/STM32CubeIDE_1.16.1/STM32CubeIDE/plugins/com.st.stm32cube.ide.mcu.externaltools.gnu-tools-for-stm32.12.3.rel1.win32_1.0.200.202406191623/tools/bin/../lib/gcc/arm-none-eabi/12.3.1/../../../../arm-none-eabi/lib/thumb/v7-m/nofp/crt0.o
LOAD ./Core/Src/main.o
LOAD ./Core/Src/stm32f1xx_hal_msp.o
LOAD ./Core/Src/stm32f1xx_it.o
LOAD ./Core/Src/syscalls.o
LOAD ./Core/Src/sysmem.o
LOAD ./Core/Src/system_stm32f1xx.o
LOAD ./Core/Startup/startup_stm32f103c8tx.o
LOAD ./Drivers/STM32F1xx_HAL_Driver/Src/stm32f1xx_hal.o
LOAD ./Drivers/STM32F1xx_HAL_Driver/Src/stm32f1xx_hal_cortex.o
LOAD ./Drivers/STM32F1xx_HAL_Driver/Src/stm32f1xx_hal_dma.o
LOAD ./Drivers/STM32F1xx_HAL_Driver/Src/stm32f1xx_hal_exti.o
LOAD ./Drivers/STM32F1xx_HAL_Driver/Src/stm32f1xx_hal_flash.o
LOAD ./Drivers/STM32F1xx_HAL_Driver/Src/stm32f1xx_hal_flash_ex.o
LOAD ./Drivers/STM32F1xx_HAL_Driver/Src/stm32f1xx_hal_gpio.o
LOAD ./Drivers/STM32F1xx_HAL_Driver/Src/stm32f1xx_hal_gpio_ex.o
LOAD ./Drivers/STM32F1xx_HAL_Driver/Src/stm32f1xx_hal_pcd.o
LOAD ./Drivers/STM32F1xx_HAL_Driver/Src/stm32f1xx_hal_pcd_ex.o
LOAD ./Drivers/STM32F1xx_HAL_Driver/Src/stm32f1xx_hal_pwr.o
LOAD ./Drivers/STM32F1xx_HAL_Driver/Src/stm32f1xx_hal_rcc.o
LOAD ./Drivers/STM32F1xx_HAL_Driver/Src/stm32f1xx_hal_rcc_ex.o
LOAD ./Drivers/STM32F1xx_HAL_Driver/Src/stm32f1xx_hal_tim.o
LOAD ./Drivers/STM32F1xx_HAL_Driver/Src/stm32f1xx_hal_tim_ex.o
LOAD ./Drivers/STM32F1xx_HAL_Driver/Src/stm32f1xx_ll_usb.o
LOAD ./Middlewares/ST/STM32_USB_Device_Library/Class/CDC/Src/usbd_cdc.o
LOAD ./Middlewares/ST/STM32_USB_Device_Library/Core/Src/usbd_core.o
LOAD ./Middlewares/ST/STM32_USB_Device_Library/Core/Src/usbd_ctlreq.o
LOAD ./Middlewares/ST/STM32_USB_Device_Library/Core/Src/usbd_ioreq.o
LOAD ./USB_DEVICE/App/usb_device.o
LOAD ./USB_DEVICE/App/usbd_cdc_if.o
LOAD ./USB_DEVICE/App/usbd_desc.o
LOAD ./USB_DEVICE/Target/usbd_conf.o
START GROUP
LOAD D:/ST/STM32CubeIDE_1.16.1/STM32CubeIDE/plugins/com.st.stm32cube.ide.mcu.externaltools.gnu-tools-for-stm32.12.3.rel1.win32_1.0.200.202406191623/tools/bin/../lib/gcc/arm-none-eabi/12.3.1/../../../../arm-none-eabi/lib/thumb/v7-m/nofp\libc_nano.a
LOAD D:/ST/STM32CubeIDE_1.16.1/STM32CubeIDE/plugins/com.st.stm32cube.ide.mcu.externaltools.gnu-tools-for-stm32.12.3.rel1.win32_1.0.200.202406191623/tools/bin/../lib/gcc/arm-none-eabi/12.3.1/../../../../arm-none-eabi/lib/thumb/v7-m/nofp\libm.a
END GROUP
START GROUP
LOAD D:/ST/STM32CubeIDE_1.16.1/STM32CubeIDE/plugins/com.st.stm32cube.ide.mcu.externaltools.gnu-tools-for-stm32.12.3.rel1.win32_1.0.200.202406191623/tools/bin/../lib/gcc/arm-none-eabi/12.3.1/thumb/v7-m/nofp\libgcc.a
LOAD D:/ST/STM32CubeIDE_1.16.1/STM32CubeIDE/plugins/com.st.stm32cube.ide.mcu.externaltools.gnu-tools-for-stm32.12.3.rel1.win32_1.0.200.202406191623/tools/bin/../lib/gcc/arm-none-eabi/12.3.1/../../../../arm-none-eabi/lib/thumb/v7-m/nofp\libc_nano.a
END GROUP
START GROUP
LOAD D:/ST/STM32CubeIDE_1.16.1/STM32CubeIDE/plugins/com.st.stm32cube.ide.mcu.externaltools.gnu-tools-for-stm32.12.3.rel1.win32_1.0.200.202406191623/tools/bin/../lib/gcc/arm-none-eabi/12.3.1/thumb/v7-m/nofp\libgcc.a
LOAD D:/ST/STM32CubeIDE_1.16.1/STM32CubeIDE/plugins/com.st.stm32cube.ide.mcu.externaltools.gnu-tools-for-stm32.12.3.rel1.win32_1.0.200.202406191623/tools/bin/../lib/gcc/arm-none-eabi/12.3.1/../../../../arm-none-eabi/lib/thumb/v7-m/nofp\libc_nano.a
LOAD D:/ST/STM32CubeIDE_1.16.1/STM32CubeIDE/plugins/com.st.stm32cube.ide.mcu.externaltools.gnu-tools-for-stm32.12.3.rel1.win32_1.0.200.202406191623/tools/bin/../lib/gcc/arm-none-eabi/12.3.1/../../../../arm-none-eabi/lib/thumb/v7-m/nofp\libnosys.a
END GROUP
START GROUP
LOAD D:/ST/STM32CubeIDE_1.16.1/STM32CubeIDE/plugins/com.st.stm32cube.ide.mcu.externaltools.gnu-tools-for-stm32.12.3.rel1.win32_1.0.200.202406191623/tools/bin/../lib/gcc/arm-none-eabi/12.3.1/thumb/v7-m/nofp\libgcc.a
LOAD D:/ST/STM32CubeIDE_1.16.1/STM32CubeIDE/plugins/com.st.stm32cube.ide.mcu.externaltools.gnu-tools-for-stm32.12.3.rel1.win32_1.0.200.202406191623/tools/bin/../lib/gcc/arm-none-eabi/12.3.1/../../../../arm-none-eabi/lib/thumb/v7-m/nofp\libc_nano.a
LOAD D:/ST/STM32CubeIDE_1.16.1/STM32CubeIDE/plugins/com.st.stm32cube.ide.mcu.externaltools.gnu-tools-for-stm32.12.3.rel1.win32_1.0.200.202406191623/tools/bin/../lib/gcc/arm-none-eabi/12.3.1/../../../../arm-none-eabi/lib/thumb/v7-m/nofp\libnosys.a
END GROUP
LOAD D:/ST/STM32CubeIDE_1.16.1/STM32CubeIDE/plugins/com.st.stm32cube.ide.mcu.externaltools.gnu-tools-for-stm32.12.3.rel1.win32_1.0.200.202406191623/tools/bin/../lib/gcc/arm-none-eabi/12.3.1/thumb/v7-m/nofp/crtend.o
LOAD D:/ST/STM32CubeIDE_1.16.1/STM32CubeIDE/plugins/com.st.stm32cube.ide.mcu.externaltools.gnu-tools-for-stm32.12.3.rel1.win32_1.0.200.202406191623/tools/bin/../lib/gcc/arm-none-eabi/12.3.1/thumb/v7-m/nofp/crtn.o
                0x20005000                        _estack = (ORIGIN (RAM) + LENGTH (RAM))
                0x00000200                        _Min_Heap_Size = 0x200
                0x00000400                        _Min_Stack_Size = 0x400

.isr_vector     0x08000000      0x10c
                0x08000000                        . = ALIGN (0x4)
 *(.isr_vector)
 .isr_vector    0x08000000      0x10c ./Core/Startup/startup_stm32f103c8tx.o
                0x08000000                g_pfnVectors
                0x0800010c                        . = ALIGN (0x4)

.text           0x0800010c     0x8880
                0x0800010c                        . = ALIGN (0x4)
 *(.text)
 .text          0x0800010c       0x40 D:/ST/STM32CubeIDE_1.16.1/STM32CubeIDE/plugins/com.st.stm32cube.ide.mcu.externaltools.gnu-tools-for-stm32.12.3.rel1.win32_1.0.200.202406191623/tools/bin/../lib/gcc/arm-none-eabi/12.3.1/thumb/v7-m/nofp/crtbegin.o
 .text          0x0800014c       0x10 D:/ST/STM32CubeIDE_1.16.1/STM32CubeIDE/plugins/com.st.stm32cube.ide.mcu.externaltools.gnu-tools-for-stm32.12.3.rel1.win32_1.0.200.202406191623/tools/bin/../lib/gcc/arm-none-eabi/12.3.1/../../../../arm-none-eabi/lib/thumb/v7-m/nofp\libc_nano.a(libc_a-strlen.o)
                0x0800014c                strlen
 *(.text*)
 .text.main     0x0800015c       0x90 ./Core/Src/main.o
                0x0800015c                main
 .text.SystemClock_Config
                0x080001ec       0xb4 ./Core/Src/main.o
                0x080001ec                SystemClock_Config
 .text.MX_TIM2_Init
                0x080002a0       0x9c ./Core/Src/main.o
 .text.MX_GPIO_Init
                0x0800033c       0x98 ./Core/Src/main.o
 .text.HAL_TIM_PeriodElapsedCallback
                0x080003d4       0x5c ./Core/Src/main.o
                0x080003d4                HAL_TIM_PeriodElapsedCallback
 .text.Error_Handler
                0x08000430        0xc ./Core/Src/main.o
                0x08000430                Error_Handler
 .text.HAL_MspInit
                0x0800043c       0x64 ./Core/Src/stm32f1xx_hal_msp.o
                0x0800043c                HAL_MspInit
 .text.HAL_TIM_Base_MspInit
                0x080004a0       0x48 ./Core/Src/stm32f1xx_hal_msp.o
                0x080004a0                HAL_TIM_Base_MspInit
 .text.NMI_Handler
                0x080004e8        0x8 ./Core/Src/stm32f1xx_it.o
                0x080004e8                NMI_Handler
 .text.HardFault_Handler
                0x080004f0        0x8 ./Core/Src/stm32f1xx_it.o
                0x080004f0                HardFault_Handler
 .text.MemManage_Handler
                0x080004f8        0x8 ./Core/Src/stm32f1xx_it.o
                0x080004f8                MemManage_Handler
 .text.BusFault_Handler
                0x08000500        0x8 ./Core/Src/stm32f1xx_it.o
                0x08000500                BusFault_Handler
 .text.UsageFault_Handler
                0x08000508        0x8 ./Core/Src/stm32f1xx_it.o
                0x08000508                UsageFault_Handler
 .text.SVC_Handler
                0x08000510        0xc ./Core/Src/stm32f1xx_it.o
                0x08000510                SVC_Handler
 .text.DebugMon_Handler
                0x0800051c        0xc ./Core/Src/stm32f1xx_it.o
                0x0800051c                DebugMon_Handler
 .text.PendSV_Handler
                0x08000528        0xc ./Core/Src/stm32f1xx_it.o
                0x08000528                PendSV_Handler
 .text.SysTick_Handler
                0x08000534        0xc ./Core/Src/stm32f1xx_it.o
                0x08000534                SysTick_Handler
 .text.USB_LP_CAN1_RX0_IRQHandler
                0x08000540       0x14 ./Core/Src/stm32f1xx_it.o
                0x08000540                USB_LP_CAN1_RX0_IRQHandler
 .text.TIM2_IRQHandler
                0x08000554       0x14 ./Core/Src/stm32f1xx_it.o
                0x08000554                TIM2_IRQHandler
 .text._sbrk    0x08000568       0x6c ./Core/Src/sysmem.o
                0x08000568                _sbrk
 .text.SystemInit
                0x080005d4        0xc ./Core/Src/system_stm32f1xx.o
                0x080005d4                SystemInit
 .text.Reset_Handler
                0x080005e0       0x48 ./Core/Startup/startup_stm32f103c8tx.o
                0x080005e0                Reset_Handler
 .text.Default_Handler
                0x08000628        0x2 ./Core/Startup/startup_stm32f103c8tx.o
                0x08000628                RTC_Alarm_IRQHandler
                0x08000628                EXTI2_IRQHandler
                0x08000628                TIM1_CC_IRQHandler
                0x08000628                PVD_IRQHandler
                0x08000628                EXTI3_IRQHandler
                0x08000628                EXTI0_IRQHandler
                0x08000628                I2C2_EV_IRQHandler
                0x08000628                ADC1_2_IRQHandler
                0x08000628                SPI1_IRQHandler
                0x08000628                TAMPER_IRQHandler
                0x08000628                DMA1_Channel4_IRQHandler
                0x08000628                USART3_IRQHandler
                0x08000628                RTC_IRQHandler
                0x08000628                DMA1_Channel7_IRQHandler
                0x08000628                CAN1_RX1_IRQHandler
                0x08000628                TIM4_IRQHandler
                0x08000628                I2C1_EV_IRQHandler
                0x08000628                DMA1_Channel6_IRQHandler
                0x08000628                TIM3_IRQHandler
                0x08000628                RCC_IRQHandler
                0x08000628                TIM1_TRG_COM_IRQHandler
                0x08000628                DMA1_Channel1_IRQHandler
                0x08000628                Default_Handler
                0x08000628                EXTI15_10_IRQHandler
                0x08000628                EXTI9_5_IRQHandler
                0x08000628                SPI2_IRQHandler
                0x08000628                DMA1_Channel5_IRQHandler
                0x08000628                EXTI4_IRQHandler
                0x08000628                USB_HP_CAN1_TX_IRQHandler
                0x08000628                DMA1_Channel3_IRQHandler
                0x08000628                TIM1_UP_IRQHandler
                0x08000628                WWDG_IRQHandler
                0x08000628                TIM1_BRK_IRQHandler
                0x08000628                EXTI1_IRQHandler
                0x08000628                USART2_IRQHandler
                0x08000628                I2C2_ER_IRQHandler
                0x08000628                DMA1_Channel2_IRQHandler
                0x08000628                CAN1_SCE_IRQHandler
                0x08000628                FLASH_IRQHandler
                0x08000628                USART1_IRQHandler
                0x08000628                I2C1_ER_IRQHandler
                0x08000628                USBWakeUp_IRQHandler
 *fill*         0x0800062a        0x2 
 .text.HAL_Init
                0x0800062c       0x2c ./Drivers/STM32F1xx_HAL_Driver/Src/stm32f1xx_hal.o
                0x0800062c                HAL_Init
 .text.HAL_InitTick
                0x08000658       0x60 ./Drivers/STM32F1xx_HAL_Driver/Src/stm32f1xx_hal.o
                0x08000658                HAL_InitTick
 .text.HAL_IncTick
                0x080006b8       0x24 ./Drivers/STM32F1xx_HAL_Driver/Src/stm32f1xx_hal.o
                0x080006b8                HAL_IncTick
 .text.HAL_GetTick
                0x080006dc       0x14 ./Drivers/STM32F1xx_HAL_Driver/Src/stm32f1xx_hal.o
                0x080006dc                HAL_GetTick
 .text.__NVIC_SetPriorityGrouping
                0x080006f0       0x48 ./Drivers/STM32F1xx_HAL_Driver/Src/stm32f1xx_hal_cortex.o
 .text.__NVIC_GetPriorityGrouping
                0x08000738       0x1c ./Drivers/STM32F1xx_HAL_Driver/Src/stm32f1xx_hal_cortex.o
 .text.__NVIC_EnableIRQ
                0x08000754       0x38 ./Drivers/STM32F1xx_HAL_Driver/Src/stm32f1xx_hal_cortex.o
 .text.__NVIC_SetPriority
                0x0800078c       0x54 ./Drivers/STM32F1xx_HAL_Driver/Src/stm32f1xx_hal_cortex.o
 .text.NVIC_EncodePriority
                0x080007e0       0x64 ./Drivers/STM32F1xx_HAL_Driver/Src/stm32f1xx_hal_cortex.o
 .text.SysTick_Config
                0x08000844       0x44 ./Drivers/STM32F1xx_HAL_Driver/Src/stm32f1xx_hal_cortex.o
 .text.HAL_NVIC_SetPriorityGrouping
                0x08000888       0x16 ./Drivers/STM32F1xx_HAL_Driver/Src/stm32f1xx_hal_cortex.o
                0x08000888                HAL_NVIC_SetPriorityGrouping
 .text.HAL_NVIC_SetPriority
                0x0800089e       0x38 ./Drivers/STM32F1xx_HAL_Driver/Src/stm32f1xx_hal_cortex.o
                0x0800089e                HAL_NVIC_SetPriority
 .text.HAL_NVIC_EnableIRQ
                0x080008d6       0x1c ./Drivers/STM32F1xx_HAL_Driver/Src/stm32f1xx_hal_cortex.o
                0x080008d6                HAL_NVIC_EnableIRQ
 .text.HAL_SYSTICK_Config
                0x080008f2       0x18 ./Drivers/STM32F1xx_HAL_Driver/Src/stm32f1xx_hal_cortex.o
                0x080008f2                HAL_SYSTICK_Config
 *fill*         0x0800090a        0x2 
 .text.HAL_GPIO_Init
                0x0800090c      0x308 ./Drivers/STM32F1xx_HAL_Driver/Src/stm32f1xx_hal_gpio.o
                0x0800090c                HAL_GPIO_Init
 .text.HAL_GPIO_WritePin
                0x08000c14       0x30 ./Drivers/STM32F1xx_HAL_Driver/Src/stm32f1xx_hal_gpio.o
                0x08000c14                HAL_GPIO_WritePin
 .text.HAL_PCD_Init
                0x08000c44      0x1ec ./Drivers/STM32F1xx_HAL_Driver/Src/stm32f1xx_hal_pcd.o
                0x08000c44                HAL_PCD_Init
 .text.HAL_PCD_Start
                0x08000e30       0x4c ./Drivers/STM32F1xx_HAL_Driver/Src/stm32f1xx_hal_pcd.o
                0x08000e30                HAL_PCD_Start
 .text.HAL_PCD_IRQHandler
                0x08000e7c      0x260 ./Drivers/STM32F1xx_HAL_Driver/Src/stm32f1xx_hal_pcd.o
                0x08000e7c                HAL_PCD_IRQHandler
 .text.HAL_PCD_SetAddress
                0x080010dc       0x48 ./Drivers/STM32F1xx_HAL_Driver/Src/stm32f1xx_hal_pcd.o
                0x080010dc                HAL_PCD_SetAddress
 .text.HAL_PCD_EP_Open
                0x08001124       0xba ./Drivers/STM32F1xx_HAL_Driver/Src/stm32f1xx_hal_pcd.o
                0x08001124                HAL_PCD_EP_Open
 .text.HAL_PCD_EP_Close
                0x080011de       0x90 ./Drivers/STM32F1xx_HAL_Driver/Src/stm32f1xx_hal_pcd.o
                0x080011de                HAL_PCD_EP_Close
 .text.HAL_PCD_EP_Receive
                0x0800126e       0x62 ./Drivers/STM32F1xx_HAL_Driver/Src/stm32f1xx_hal_pcd.o
                0x0800126e                HAL_PCD_EP_Receive
 .text.HAL_PCD_EP_GetRxCount
                0x080012d0       0x2e ./Drivers/STM32F1xx_HAL_Driver/Src/stm32f1xx_hal_pcd.o
                0x080012d0                HAL_PCD_EP_GetRxCount
 .text.HAL_PCD_EP_Transmit
                0x080012fe       0x6e ./Drivers/STM32F1xx_HAL_Driver/Src/stm32f1xx_hal_pcd.o
                0x080012fe                HAL_PCD_EP_Transmit
 .text.HAL_PCD_EP_SetStall
                0x0800136c       0xc0 ./Drivers/STM32F1xx_HAL_Driver/Src/stm32f1xx_hal_pcd.o
                0x0800136c                HAL_PCD_EP_SetStall
 .text.HAL_PCD_EP_ClrStall
                0x0800142c       0xa8 ./Drivers/STM32F1xx_HAL_Driver/Src/stm32f1xx_hal_pcd.o
                0x0800142c                HAL_PCD_EP_ClrStall
 .text.PCD_EP_ISR_Handler
                0x080014d4      0x79e ./Drivers/STM32F1xx_HAL_Driver/Src/stm32f1xx_hal_pcd.o
 .text.HAL_PCD_EP_DB_Receive
                0x08001c72      0x21a ./Drivers/STM32F1xx_HAL_Driver/Src/stm32f1xx_hal_pcd.o
 .text.HAL_PCD_EP_DB_Transmit
                0x08001e8c      0x7f4 ./Drivers/STM32F1xx_HAL_Driver/Src/stm32f1xx_hal_pcd.o
 .text.HAL_PCDEx_PMAConfig
                0x08002680       0x84 ./Drivers/STM32F1xx_HAL_Driver/Src/stm32f1xx_hal_pcd_ex.o
                0x08002680                HAL_PCDEx_PMAConfig
 .text.HAL_RCC_OscConfig
                0x08002704      0x504 ./Drivers/STM32F1xx_HAL_Driver/Src/stm32f1xx_hal_rcc.o
                0x08002704                HAL_RCC_OscConfig
 .text.HAL_RCC_ClockConfig
                0x08002c08      0x1d4 ./Drivers/STM32F1xx_HAL_Driver/Src/stm32f1xx_hal_rcc.o
                0x08002c08                HAL_RCC_ClockConfig
 .text.HAL_RCC_GetSysClockFreq
                0x08002ddc       0xa8 ./Drivers/STM32F1xx_HAL_Driver/Src/stm32f1xx_hal_rcc.o
                0x08002ddc                HAL_RCC_GetSysClockFreq
 .text.RCC_Delay
                0x08002e84       0x3c ./Drivers/STM32F1xx_HAL_Driver/Src/stm32f1xx_hal_rcc.o
 .text.HAL_RCCEx_PeriphCLKConfig
                0x08002ec0      0x16c ./Drivers/STM32F1xx_HAL_Driver/Src/stm32f1xx_hal_rcc_ex.o
                0x08002ec0                HAL_RCCEx_PeriphCLKConfig
 .text.HAL_TIM_Base_Init
                0x0800302c       0x9e ./Drivers/STM32F1xx_HAL_Driver/Src/stm32f1xx_hal_tim.o
                0x0800302c                HAL_TIM_Base_Init
 *fill*         0x080030ca        0x2 
 .text.HAL_TIM_Base_Start_IT
                0x080030cc       0xa4 ./Drivers/STM32F1xx_HAL_Driver/Src/stm32f1xx_hal_tim.o
                0x080030cc                HAL_TIM_Base_Start_IT
 .text.HAL_TIM_Base_Stop_IT
                0x08003170       0x5c ./Drivers/STM32F1xx_HAL_Driver/Src/stm32f1xx_hal_tim.o
                0x08003170                HAL_TIM_Base_Stop_IT
 .text.HAL_TIM_IRQHandler
                0x080031cc      0x1e0 ./Drivers/STM32F1xx_HAL_Driver/Src/stm32f1xx_hal_tim.o
                0x080031cc                HAL_TIM_IRQHandler
 .text.HAL_TIM_ConfigClockSource
                0x080033ac      0x18e ./Drivers/STM32F1xx_HAL_Driver/Src/stm32f1xx_hal_tim.o
                0x080033ac                HAL_TIM_ConfigClockSource
 .text.HAL_TIM_OC_DelayElapsedCallback
                0x0800353a       0x12 ./Drivers/STM32F1xx_HAL_Driver/Src/stm32f1xx_hal_tim.o
                0x0800353a                HAL_TIM_OC_DelayElapsedCallback
 .text.HAL_TIM_IC_CaptureCallback
                0x0800354c       0x12 ./Drivers/STM32F1xx_HAL_Driver/Src/stm32f1xx_hal_tim.o
                0x0800354c                HAL_TIM_IC_CaptureCallback
 .text.HAL_TIM_PWM_PulseFinishedCallback
                0x0800355e       0x12 ./Drivers/STM32F1xx_HAL_Driver/Src/stm32f1xx_hal_tim.o
                0x0800355e                HAL_TIM_PWM_PulseFinishedCallback
 .text.HAL_TIM_TriggerCallback
                0x08003570       0x12 ./Drivers/STM32F1xx_HAL_Driver/Src/stm32f1xx_hal_tim.o
                0x08003570                HAL_TIM_TriggerCallback
 *fill*         0x08003582        0x2 
 .text.TIM_Base_SetConfig
                0x08003584       0xdc ./Drivers/STM32F1xx_HAL_Driver/Src/stm32f1xx_hal_tim.o
                0x08003584                TIM_Base_SetConfig
 .text.TIM_TI1_ConfigInputStage
                0x08003660       0x5c ./Drivers/STM32F1xx_HAL_Driver/Src/stm32f1xx_hal_tim.o
 .text.TIM_TI2_ConfigInputStage
                0x080036bc       0x5e ./Drivers/STM32F1xx_HAL_Driver/Src/stm32f1xx_hal_tim.o
 .text.TIM_ITRx_SetConfig
                0x0800371a       0x34 ./Drivers/STM32F1xx_HAL_Driver/Src/stm32f1xx_hal_tim.o
 .text.TIM_ETR_SetConfig
                0x0800374e       0x3e ./Drivers/STM32F1xx_HAL_Driver/Src/stm32f1xx_hal_tim.o
                0x0800374e                TIM_ETR_SetConfig
 .text.HAL_TIMEx_MasterConfigSynchronization
                0x0800378c       0xbc ./Drivers/STM32F1xx_HAL_Driver/Src/stm32f1xx_hal_tim_ex.o
                0x0800378c                HAL_TIMEx_MasterConfigSynchronization
 .text.HAL_TIMEx_CommutCallback
                0x08003848       0x12 ./Drivers/STM32F1xx_HAL_Driver/Src/stm32f1xx_hal_tim_ex.o
                0x08003848                HAL_TIMEx_CommutCallback
 .text.HAL_TIMEx_BreakCallback
                0x0800385a       0x12 ./Drivers/STM32F1xx_HAL_Driver/Src/stm32f1xx_hal_tim_ex.o
                0x0800385a                HAL_TIMEx_BreakCallback
 .text.USB_CoreInit
                0x0800386c       0x1a ./Drivers/STM32F1xx_HAL_Driver/Src/stm32f1xx_ll_usb.o
                0x0800386c                USB_CoreInit
 .text.USB_EnableGlobalInt
                0x08003886       0x2c ./Drivers/STM32F1xx_HAL_Driver/Src/stm32f1xx_ll_usb.o
                0x08003886                USB_EnableGlobalInt
 .text.USB_DisableGlobalInt
                0x080038b2       0x34 ./Drivers/STM32F1xx_HAL_Driver/Src/stm32f1xx_ll_usb.o
                0x080038b2                USB_DisableGlobalInt
 .text.USB_SetCurrentMode
                0x080038e6       0x18 ./Drivers/STM32F1xx_HAL_Driver/Src/stm32f1xx_ll_usb.o
                0x080038e6                USB_SetCurrentMode
 .text.USB_DevInit
                0x080038fe       0x3a ./Drivers/STM32F1xx_HAL_Driver/Src/stm32f1xx_ll_usb.o
                0x080038fe                USB_DevInit
 .text.USB_ActivateEndpoint
                0x08003938      0x780 ./Drivers/STM32F1xx_HAL_Driver/Src/stm32f1xx_ll_usb.o
                0x08003938                USB_ActivateEndpoint
 .text.USB_DeactivateEndpoint
                0x080040b8      0x3d8 ./Drivers/STM32F1xx_HAL_Driver/Src/stm32f1xx_ll_usb.o
                0x080040b8                USB_DeactivateEndpoint
 .text.USB_EPStartXfer
                0x08004490     0x1762 ./Drivers/STM32F1xx_HAL_Driver/Src/stm32f1xx_ll_usb.o
                0x08004490                USB_EPStartXfer
 .text.USB_EPSetStall
                0x08005bf2       0xa0 ./Drivers/STM32F1xx_HAL_Driver/Src/stm32f1xx_ll_usb.o
                0x08005bf2                USB_EPSetStall
 .text.USB_EPClearStall
                0x08005c92      0x15a ./Drivers/STM32F1xx_HAL_Driver/Src/stm32f1xx_ll_usb.o
                0x08005c92                USB_EPClearStall
 .text.USB_SetDevAddress
                0x08005dec       0x26 ./Drivers/STM32F1xx_HAL_Driver/Src/stm32f1xx_ll_usb.o
                0x08005dec                USB_SetDevAddress
 .text.USB_DevConnect
                0x08005e12       0x14 ./Drivers/STM32F1xx_HAL_Driver/Src/stm32f1xx_ll_usb.o
                0x08005e12                USB_DevConnect
 .text.USB_DevDisconnect
                0x08005e26       0x14 ./Drivers/STM32F1xx_HAL_Driver/Src/stm32f1xx_ll_usb.o
                0x08005e26                USB_DevDisconnect
 .text.USB_ReadInterrupts
                0x08005e3a       0x1e ./Drivers/STM32F1xx_HAL_Driver/Src/stm32f1xx_ll_usb.o
                0x08005e3a                USB_ReadInterrupts
 .text.USB_EP0_OutStart
                0x08005e58       0x16 ./Drivers/STM32F1xx_HAL_Driver/Src/stm32f1xx_ll_usb.o
                0x08005e58                USB_EP0_OutStart
 .text.USB_WritePMA
                0x08005e6e       0x8a ./Drivers/STM32F1xx_HAL_Driver/Src/stm32f1xx_ll_usb.o
                0x08005e6e                USB_WritePMA
 .text.USB_ReadPMA
                0x08005ef8       0x9e ./Drivers/STM32F1xx_HAL_Driver/Src/stm32f1xx_ll_usb.o
                0x08005ef8                USB_ReadPMA
 .text.USBD_CDC_Init
                0x08005f96       0xf4 ./Middlewares/ST/STM32_USB_Device_Library/Class/CDC/Src/usbd_cdc.o
 .text.USBD_CDC_DeInit
                0x0800608a       0x6e ./Middlewares/ST/STM32_USB_Device_Library/Class/CDC/Src/usbd_cdc.o
 .text.USBD_CDC_Setup
                0x080060f8      0x146 ./Middlewares/ST/STM32_USB_Device_Library/Class/CDC/Src/usbd_cdc.o
 .text.USBD_CDC_DataIn
                0x0800623e       0xa6 ./Middlewares/ST/STM32_USB_Device_Library/Class/CDC/Src/usbd_cdc.o
 .text.USBD_CDC_DataOut
                0x080062e4       0x56 ./Middlewares/ST/STM32_USB_Device_Library/Class/CDC/Src/usbd_cdc.o
 .text.USBD_CDC_EP0_RxReady
                0x0800633a       0x4e ./Middlewares/ST/STM32_USB_Device_Library/Class/CDC/Src/usbd_cdc.o
 .text.USBD_CDC_GetFSCfgDesc
                0x08006388       0x20 ./Middlewares/ST/STM32_USB_Device_Library/Class/CDC/Src/usbd_cdc.o
 .text.USBD_CDC_GetHSCfgDesc
                0x080063a8       0x20 ./Middlewares/ST/STM32_USB_Device_Library/Class/CDC/Src/usbd_cdc.o
 .text.USBD_CDC_GetOtherSpeedCfgDesc
                0x080063c8       0x20 ./Middlewares/ST/STM32_USB_Device_Library/Class/CDC/Src/usbd_cdc.o
 .text.USBD_CDC_GetDeviceQualifierDescriptor
                0x080063e8       0x20 ./Middlewares/ST/STM32_USB_Device_Library/Class/CDC/Src/usbd_cdc.o
                0x080063e8                USBD_CDC_GetDeviceQualifierDescriptor
 .text.USBD_CDC_RegisterInterface
                0x08006408       0x2c ./Middlewares/ST/STM32_USB_Device_Library/Class/CDC/Src/usbd_cdc.o
                0x08006408                USBD_CDC_RegisterInterface
 .text.USBD_CDC_SetTxBuffer
                0x08006434       0x32 ./Middlewares/ST/STM32_USB_Device_Library/Class/CDC/Src/usbd_cdc.o
                0x08006434                USBD_CDC_SetTxBuffer
 .text.USBD_CDC_SetRxBuffer
                0x08006466       0x26 ./Middlewares/ST/STM32_USB_Device_Library/Class/CDC/Src/usbd_cdc.o
                0x08006466                USBD_CDC_SetRxBuffer
 .text.USBD_CDC_TransmitPacket
                0x0800648c       0x5e ./Middlewares/ST/STM32_USB_Device_Library/Class/CDC/Src/usbd_cdc.o
                0x0800648c                USBD_CDC_TransmitPacket
 .text.USBD_CDC_ReceivePacket
                0x080064ea       0x54 ./Middlewares/ST/STM32_USB_Device_Library/Class/CDC/Src/usbd_cdc.o
                0x080064ea                USBD_CDC_ReceivePacket
 .text.USBD_Init
                0x0800653e       0x56 ./Middlewares/ST/STM32_USB_Device_Library/Core/Src/usbd_core.o
                0x0800653e                USBD_Init
 .text.USBD_RegisterClass
                0x08006594       0x32 ./Middlewares/ST/STM32_USB_Device_Library/Core/Src/usbd_core.o
                0x08006594                USBD_RegisterClass
 .text.USBD_Start
                0x080065c6       0x18 ./Middlewares/ST/STM32_USB_Device_Library/Core/Src/usbd_core.o
                0x080065c6                USBD_Start
 .text.USBD_RunTestMode
                0x080065de       0x14 ./Middlewares/ST/STM32_USB_Device_Library/Core/Src/usbd_core.o
                0x080065de                USBD_RunTestMode
 .text.USBD_SetClassConfig
                0x080065f2       0x3e ./Middlewares/ST/STM32_USB_Device_Library/Core/Src/usbd_core.o
                0x080065f2                USBD_SetClassConfig
 .text.USBD_ClrClassConfig
                0x08006630       0x26 ./Middlewares/ST/STM32_USB_Device_Library/Core/Src/usbd_core.o
                0x08006630                USBD_ClrClassConfig
 .text.USBD_LL_SetupStage
                0x08006656       0x9a ./Middlewares/ST/STM32_USB_Device_Library/Core/Src/usbd_core.o
                0x08006656                USBD_LL_SetupStage
 .text.USBD_LL_DataOutStage
                0x080066f0       0xe2 ./Middlewares/ST/STM32_USB_Device_Library/Core/Src/usbd_core.o
                0x080066f0                USBD_LL_DataOutStage
 .text.USBD_LL_DataInStage
                0x080067d2      0x14a ./Middlewares/ST/STM32_USB_Device_Library/Core/Src/usbd_core.o
                0x080067d2                USBD_LL_DataInStage
 .text.USBD_LL_Reset
                0x0800691c       0x82 ./Middlewares/ST/STM32_USB_Device_Library/Core/Src/usbd_core.o
                0x0800691c                USBD_LL_Reset
 .text.USBD_LL_SetSpeed
                0x0800699e       0x1e ./Middlewares/ST/STM32_USB_Device_Library/Core/Src/usbd_core.o
                0x0800699e                USBD_LL_SetSpeed
 .text.USBD_LL_Suspend
                0x080069bc       0x28 ./Middlewares/ST/STM32_USB_Device_Library/Core/Src/usbd_core.o
                0x080069bc                USBD_LL_Suspend
 .text.USBD_LL_Resume
                0x080069e4       0x2a ./Middlewares/ST/STM32_USB_Device_Library/Core/Src/usbd_core.o
                0x080069e4                USBD_LL_Resume
 .text.USBD_LL_SOF
                0x08006a0e       0x34 ./Middlewares/ST/STM32_USB_Device_Library/Core/Src/usbd_core.o
                0x08006a0e                USBD_LL_SOF
 *fill*         0x08006a42        0x2 
 .text.USBD_StdDevReq
                0x08006a44       0xd4 ./Middlewares/ST/STM32_USB_Device_Library/Core/Src/usbd_ctlreq.o
                0x08006a44                USBD_StdDevReq
 .text.USBD_StdItfReq
                0x08006b18       0x90 ./Middlewares/ST/STM32_USB_Device_Library/Core/Src/usbd_ctlreq.o
                0x08006b18                USBD_StdItfReq
 .text.USBD_StdEPReq
                0x08006ba8      0x2c6 ./Middlewares/ST/STM32_USB_Device_Library/Core/Src/usbd_ctlreq.o
                0x08006ba8                USBD_StdEPReq
 *fill*         0x08006e6e        0x2 
 .text.USBD_GetDescriptor
                0x08006e70      0x2d0 ./Middlewares/ST/STM32_USB_Device_Library/Core/Src/usbd_ctlreq.o
 .text.USBD_SetAddress
                0x08007140       0x86 ./Middlewares/ST/STM32_USB_Device_Library/Core/Src/usbd_ctlreq.o
 *fill*         0x080071c6        0x2 
 .text.USBD_SetConfig
                0x080071c8      0x11c ./Middlewares/ST/STM32_USB_Device_Library/Core/Src/usbd_ctlreq.o
 .text.USBD_GetConfig
                0x080072e4       0x6a ./Middlewares/ST/STM32_USB_Device_Library/Core/Src/usbd_ctlreq.o
 .text.USBD_GetStatus
                0x0800734e       0x66 ./Middlewares/ST/STM32_USB_Device_Library/Core/Src/usbd_ctlreq.o
 .text.USBD_SetFeature
                0x080073b4       0x28 ./Middlewares/ST/STM32_USB_Device_Library/Core/Src/usbd_ctlreq.o
 .text.USBD_ClrFeature
                0x080073dc       0x42 ./Middlewares/ST/STM32_USB_Device_Library/Core/Src/usbd_ctlreq.o
 .text.USBD_ParseSetupRequest
                0x0800741e       0x72 ./Middlewares/ST/STM32_USB_Device_Library/Core/Src/usbd_ctlreq.o
                0x0800741e                USBD_ParseSetupRequest
 .text.USBD_CtlError
                0x08007490       0x22 ./Middlewares/ST/STM32_USB_Device_Library/Core/Src/usbd_ctlreq.o
                0x08007490                USBD_CtlError
 .text.USBD_GetString
                0x080074b2       0x84 ./Middlewares/ST/STM32_USB_Device_Library/Core/Src/usbd_ctlreq.o
                0x080074b2                USBD_GetString
 .text.USBD_GetLen
                0x08007536       0x2e ./Middlewares/ST/STM32_USB_Device_Library/Core/Src/usbd_ctlreq.o
 .text.USBD_CtlSendData
                0x08007564       0x38 ./Middlewares/ST/STM32_USB_Device_Library/Core/Src/usbd_ioreq.o
                0x08007564                USBD_CtlSendData
 .text.USBD_CtlContinueSendData
                0x0800759c       0x24 ./Middlewares/ST/STM32_USB_Device_Library/Core/Src/usbd_ioreq.o
                0x0800759c                USBD_CtlContinueSendData
 .text.USBD_CtlPrepareRx
                0x080075c0       0x3c ./Middlewares/ST/STM32_USB_Device_Library/Core/Src/usbd_ioreq.o
                0x080075c0                USBD_CtlPrepareRx
 .text.USBD_CtlContinueRx
                0x080075fc       0x24 ./Middlewares/ST/STM32_USB_Device_Library/Core/Src/usbd_ioreq.o
                0x080075fc                USBD_CtlContinueRx
 .text.USBD_CtlSendStatus
                0x08007620       0x26 ./Middlewares/ST/STM32_USB_Device_Library/Core/Src/usbd_ioreq.o
                0x08007620                USBD_CtlSendStatus
 .text.USBD_CtlReceiveStatus
                0x08007646       0x26 ./Middlewares/ST/STM32_USB_Device_Library/Core/Src/usbd_ioreq.o
                0x08007646                USBD_CtlReceiveStatus
 .text.MX_USB_DEVICE_Init
                0x0800766c       0x60 ./USB_DEVICE/App/usb_device.o
                0x0800766c                MX_USB_DEVICE_Init
 .text.CDC_Init_FS
                0x080076cc       0x28 ./USB_DEVICE/App/usbd_cdc_if.o
 .text.CDC_DeInit_FS
                0x080076f4        0xe ./USB_DEVICE/App/usbd_cdc_if.o
 *fill*         0x08007702        0x2 
 .text.CDC_Control_FS
                0x08007704       0xbc ./USB_DEVICE/App/usbd_cdc_if.o
 .text.CDC_Receive_FS
                0x080077c0       0x4c ./USB_DEVICE/App/usbd_cdc_if.o
 .text.CDC_Transmit_FS
                0x0800780c       0x4c ./USB_DEVICE/App/usbd_cdc_if.o
                0x0800780c                CDC_Transmit_FS
 .text.USBD_FS_DeviceDescriptor
                0x08007858       0x24 ./USB_DEVICE/App/usbd_desc.o
                0x08007858                USBD_FS_DeviceDescriptor
 .text.USBD_FS_LangIDStrDescriptor
                0x0800787c       0x24 ./USB_DEVICE/App/usbd_desc.o
                0x0800787c                USBD_FS_LangIDStrDescriptor
 .text.USBD_FS_ProductStrDescriptor
                0x080078a0       0x3c ./USB_DEVICE/App/usbd_desc.o
                0x080078a0                USBD_FS_ProductStrDescriptor
 .text.USBD_FS_ManufacturerStrDescriptor
                0x080078dc       0x28 ./USB_DEVICE/App/usbd_desc.o
                0x080078dc                USBD_FS_ManufacturerStrDescriptor
 .text.USBD_FS_SerialStrDescriptor
                0x08007904       0x24 ./USB_DEVICE/App/usbd_desc.o
                0x08007904                USBD_FS_SerialStrDescriptor
 .text.USBD_FS_ConfigStrDescriptor
                0x08007928       0x3c ./USB_DEVICE/App/usbd_desc.o
                0x08007928                USBD_FS_ConfigStrDescriptor
 .text.USBD_FS_InterfaceStrDescriptor
                0x08007964       0x3c ./USB_DEVICE/App/usbd_desc.o
                0x08007964                USBD_FS_InterfaceStrDescriptor
 .text.Get_SerialNum
                0x080079a0       0x58 ./USB_DEVICE/App/usbd_desc.o
 .text.IntToUnicode
                0x080079f8       0x7c ./USB_DEVICE/App/usbd_desc.o
 .text.HAL_PCD_MspInit
                0x08007a74       0x4c ./USB_DEVICE/Target/usbd_conf.o
                0x08007a74                HAL_PCD_MspInit
 .text.HAL_PCD_SetupStageCallback
                0x08007ac0       0x24 ./USB_DEVICE/Target/usbd_conf.o
                0x08007ac0                HAL_PCD_SetupStageCallback
 .text.HAL_PCD_DataOutStageCallback
                0x08007ae4       0x36 ./USB_DEVICE/Target/usbd_conf.o
                0x08007ae4                HAL_PCD_DataOutStageCallback
 .text.HAL_PCD_DataInStageCallback
                0x08007b1a       0x34 ./USB_DEVICE/Target/usbd_conf.o
                0x08007b1a                HAL_PCD_DataInStageCallback
 .text.HAL_PCD_SOFCallback
                0x08007b4e       0x1c ./USB_DEVICE/Target/usbd_conf.o
                0x08007b4e                HAL_PCD_SOFCallback
 .text.HAL_PCD_ResetCallback
                0x08007b6a       0x3c ./USB_DEVICE/Target/usbd_conf.o
                0x08007b6a                HAL_PCD_ResetCallback
 *fill*         0x08007ba6        0x2 
 .text.HAL_PCD_SuspendCallback
                0x08007ba8       0x34 ./USB_DEVICE/Target/usbd_conf.o
                0x08007ba8                HAL_PCD_SuspendCallback
 .text.HAL_PCD_ResumeCallback
                0x08007bdc       0x1c ./USB_DEVICE/Target/usbd_conf.o
                0x08007bdc                HAL_PCD_ResumeCallback
 .text.USBD_LL_Init
                0x08007bf8       0xb4 ./USB_DEVICE/Target/usbd_conf.o
                0x08007bf8                USBD_LL_Init
 .text.USBD_LL_Start
                0x08007cac       0x36 ./USB_DEVICE/Target/usbd_conf.o
                0x08007cac                USBD_LL_Start
 .text.USBD_LL_OpenEP
                0x08007ce2       0x4c ./USB_DEVICE/Target/usbd_conf.o
                0x08007ce2                USBD_LL_OpenEP
 .text.USBD_LL_CloseEP
                0x08007d2e       0x3e ./USB_DEVICE/Target/usbd_conf.o
                0x08007d2e                USBD_LL_CloseEP
 .text.USBD_LL_StallEP
                0x08007d6c       0x3e ./USB_DEVICE/Target/usbd_conf.o
                0x08007d6c                USBD_LL_StallEP
 .text.USBD_LL_ClearStallEP
                0x08007daa       0x3e ./USB_DEVICE/Target/usbd_conf.o
                0x08007daa                USBD_LL_ClearStallEP
 .text.USBD_LL_IsStallEP
                0x08007de8       0x56 ./USB_DEVICE/Target/usbd_conf.o
                0x08007de8                USBD_LL_IsStallEP
 .text.USBD_LL_SetUSBAddress
                0x08007e3e       0x3e ./USB_DEVICE/Target/usbd_conf.o
                0x08007e3e                USBD_LL_SetUSBAddress
 .text.USBD_LL_Transmit
                0x08007e7c       0x46 ./USB_DEVICE/Target/usbd_conf.o
                0x08007e7c                USBD_LL_Transmit
 .text.USBD_LL_PrepareReceive
                0x08007ec2       0x46 ./USB_DEVICE/Target/usbd_conf.o
                0x08007ec2                USBD_LL_PrepareReceive
 .text.USBD_LL_GetRxDataSize
                0x08007f08       0x26 ./USB_DEVICE/Target/usbd_conf.o
                0x08007f08                USBD_LL_GetRxDataSize
 *fill*         0x08007f2e        0x2 
 .text.USBD_static_malloc
                0x08007f30       0x18 ./USB_DEVICE/Target/usbd_conf.o
                0x08007f30                USBD_static_malloc
 .text.USBD_static_free
                0x08007f48       0x12 ./USB_DEVICE/Target/usbd_conf.o
                0x08007f48                USBD_static_free
 .text.HAL_PCDEx_SetConnectionState
                0x08007f5a       0x16 ./USB_DEVICE/Target/usbd_conf.o
                0x08007f5a                HAL_PCDEx_SetConnectionState
 .text.USBD_Get_USB_Status
                0x08007f70       0x58 ./USB_DEVICE/Target/usbd_conf.o
 .text.snprintf
                0x08007fc8       0x68 D:/ST/STM32CubeIDE_1.16.1/STM32CubeIDE/plugins/com.st.stm32cube.ide.mcu.externaltools.gnu-tools-for-stm32.12.3.rel1.win32_1.0.200.202406191623/tools/bin/../lib/gcc/arm-none-eabi/12.3.1/../../../../arm-none-eabi/lib/thumb/v7-m/nofp\libc_nano.a(libc_a-snprintf.o)
                0x08007fc8                sniprintf
                0x08007fc8                snprintf
 .text.memset   0x08008030       0x10 D:/ST/STM32CubeIDE_1.16.1/STM32CubeIDE/plugins/com.st.stm32cube.ide.mcu.externaltools.gnu-tools-for-stm32.12.3.rel1.win32_1.0.200.202406191623/tools/bin/../lib/gcc/arm-none-eabi/12.3.1/../../../../arm-none-eabi/lib/thumb/v7-m/nofp\libc_nano.a(libc_a-memset.o)
                0x08008030                memset
 .text.strncmp  0x08008040       0x24 D:/ST/STM32CubeIDE_1.16.1/STM32CubeIDE/plugins/com.st.stm32cube.ide.mcu.externaltools.gnu-tools-for-stm32.12.3.rel1.win32_1.0.200.202406191623/tools/bin/../lib/gcc/arm-none-eabi/12.3.1/../../../../arm-none-eabi/lib/thumb/v7-m/nofp\libc_nano.a(libc_a-strncmp.o)
                0x08008040                strncmp
 .text.__errno  0x08008064        0xc D:/ST/STM32CubeIDE_1.16.1/STM32CubeIDE/plugins/com.st.stm32cube.ide.mcu.externaltools.gnu-tools-for-stm32.12.3.rel1.win32_1.0.200.202406191623/tools/bin/../lib/gcc/arm-none-eabi/12.3.1/../../../../arm-none-eabi/lib/thumb/v7-m/nofp\libc_nano.a(libc_a-errno.o)
                0x08008064                __errno
 .text.__libc_init_array
                0x08008070       0x48 D:/ST/STM32CubeIDE_1.16.1/STM32CubeIDE/plugins/com.st.stm32cube.ide.mcu.externaltools.gnu-tools-for-stm32.12.3.rel1.win32_1.0.200.202406191623/tools/bin/../lib/gcc/arm-none-eabi/12.3.1/../../../../arm-none-eabi/lib/thumb/v7-m/nofp\libc_nano.a(libc_a-init.o)
                0x08008070                __libc_init_array
 .text.__retarget_lock_acquire_recursive
                0x080080b8        0x2 D:/ST/STM32CubeIDE_1.16.1/STM32CubeIDE/plugins/com.st.stm32cube.ide.mcu.externaltools.gnu-tools-for-stm32.12.3.rel1.win32_1.0.200.202406191623/tools/bin/../lib/gcc/arm-none-eabi/12.3.1/../../../../arm-none-eabi/lib/thumb/v7-m/nofp\libc_nano.a(libc_a-lock.o)
                0x080080b8                __retarget_lock_acquire_recursive
 .text.__retarget_lock_release_recursive
                0x080080ba        0x2 D:/ST/STM32CubeIDE_1.16.1/STM32CubeIDE/plugins/com.st.stm32cube.ide.mcu.externaltools.gnu-tools-for-stm32.12.3.rel1.win32_1.0.200.202406191623/tools/bin/../lib/gcc/arm-none-eabi/12.3.1/../../../../arm-none-eabi/lib/thumb/v7-m/nofp\libc_nano.a(libc_a-lock.o)
                0x080080ba                __retarget_lock_release_recursive
 .text.memcpy   0x080080bc       0x1c D:/ST/STM32CubeIDE_1.16.1/STM32CubeIDE/plugins/com.st.stm32cube.ide.mcu.externaltools.gnu-tools-for-stm32.12.3.rel1.win32_1.0.200.202406191623/tools/bin/../lib/gcc/arm-none-eabi/12.3.1/../../../../arm-none-eabi/lib/thumb/v7-m/nofp\libc_nano.a(libc_a-memcpy-stub.o)
                0x080080bc                memcpy
 .text._free_r  0x080080d8       0x90 D:/ST/STM32CubeIDE_1.16.1/STM32CubeIDE/plugins/com.st.stm32cube.ide.mcu.externaltools.gnu-tools-for-stm32.12.3.rel1.win32_1.0.200.202406191623/tools/bin/../lib/gcc/arm-none-eabi/12.3.1/../../../../arm-none-eabi/lib/thumb/v7-m/nofp\libc_nano.a(libc_a-freer.o)
                0x080080d8                _free_r
 .text.sbrk_aligned
                0x08008168       0x44 D:/ST/STM32CubeIDE_1.16.1/STM32CubeIDE/plugins/com.st.stm32cube.ide.mcu.externaltools.gnu-tools-for-stm32.12.3.rel1.win32_1.0.200.202406191623/tools/bin/../lib/gcc/arm-none-eabi/12.3.1/../../../../arm-none-eabi/lib/thumb/v7-m/nofp\libc_nano.a(libc_a-mallocr.o)
 .text._malloc_r
                0x080081ac      0x100 D:/ST/STM32CubeIDE_1.16.1/STM32CubeIDE/plugins/com.st.stm32cube.ide.mcu.externaltools.gnu-tools-for-stm32.12.3.rel1.win32_1.0.200.202406191623/tools/bin/../lib/gcc/arm-none-eabi/12.3.1/../../../../arm-none-eabi/lib/thumb/v7-m/nofp\libc_nano.a(libc_a-mallocr.o)
                0x080081ac                _malloc_r
 .text.__malloc_lock
                0x080082ac        0xc D:/ST/STM32CubeIDE_1.16.1/STM32CubeIDE/plugins/com.st.stm32cube.ide.mcu.externaltools.gnu-tools-for-stm32.12.3.rel1.win32_1.0.200.202406191623/tools/bin/../lib/gcc/arm-none-eabi/12.3.1/../../../../arm-none-eabi/lib/thumb/v7-m/nofp\libc_nano.a(libc_a-mlock.o)
                0x080082ac                __malloc_lock
 .text.__malloc_unlock
                0x080082b8        0xc D:/ST/STM32CubeIDE_1.16.1/STM32CubeIDE/plugins/com.st.stm32cube.ide.mcu.externaltools.gnu-tools-for-stm32.12.3.rel1.win32_1.0.200.202406191623/tools/bin/../lib/gcc/arm-none-eabi/12.3.1/../../../../arm-none-eabi/lib/thumb/v7-m/nofp\libc_nano.a(libc_a-mlock.o)
                0x080082b8                __malloc_unlock
 .text.__ssputs_r
                0x080082c4       0xb6 D:/ST/STM32CubeIDE_1.16.1/STM32CubeIDE/plugins/com.st.stm32cube.ide.mcu.externaltools.gnu-tools-for-stm32.12.3.rel1.win32_1.0.200.202406191623/tools/bin/../lib/gcc/arm-none-eabi/12.3.1/../../../../arm-none-eabi/lib/thumb/v7-m/nofp\libc_nano.a(libc_a-nano-svfprintf.o)
                0x080082c4                __ssputs_r
 *fill*         0x0800837a        0x2 
 .text._svfprintf_r
                0x0800837c      0x1f8 D:/ST/STM32CubeIDE_1.16.1/STM32CubeIDE/plugins/com.st.stm32cube.ide.mcu.externaltools.gnu-tools-for-stm32.12.3.rel1.win32_1.0.200.202406191623/tools/bin/../lib/gcc/arm-none-eabi/12.3.1/../../../../arm-none-eabi/lib/thumb/v7-m/nofp\libc_nano.a(libc_a-nano-svfprintf.o)
                0x0800837c                _svfiprintf_r
                0x0800837c                _svfprintf_r
 .text._printf_common
                0x08008574       0xe4 D:/ST/STM32CubeIDE_1.16.1/STM32CubeIDE/plugins/com.st.stm32cube.ide.mcu.externaltools.gnu-tools-for-stm32.12.3.rel1.win32_1.0.200.202406191623/tools/bin/../lib/gcc/arm-none-eabi/12.3.1/../../../../arm-none-eabi/lib/thumb/v7-m/nofp\libc_nano.a(libc_a-nano-vfprintf_i.o)
                0x08008574                _printf_common
 .text._printf_i
                0x08008658      0x240 D:/ST/STM32CubeIDE_1.16.1/STM32CubeIDE/plugins/com.st.stm32cube.ide.mcu.externaltools.gnu-tools-for-stm32.12.3.rel1.win32_1.0.200.202406191623/tools/bin/../lib/gcc/arm-none-eabi/12.3.1/../../../../arm-none-eabi/lib/thumb/v7-m/nofp\libc_nano.a(libc_a-nano-vfprintf_i.o)
                0x08008658                _printf_i
 .text.memmove  0x08008898       0x34 D:/ST/STM32CubeIDE_1.16.1/STM32CubeIDE/plugins/com.st.stm32cube.ide.mcu.externaltools.gnu-tools-for-stm32.12.3.rel1.win32_1.0.200.202406191623/tools/bin/../lib/gcc/arm-none-eabi/12.3.1/../../../../arm-none-eabi/lib/thumb/v7-m/nofp\libc_nano.a(libc_a-memmove.o)
                0x08008898                memmove
 .text._sbrk_r  0x080088cc       0x20 D:/ST/STM32CubeIDE_1.16.1/STM32CubeIDE/plugins/com.st.stm32cube.ide.mcu.externaltools.gnu-tools-for-stm32.12.3.rel1.win32_1.0.200.202406191623/tools/bin/../lib/gcc/arm-none-eabi/12.3.1/../../../../arm-none-eabi/lib/thumb/v7-m/nofp\libc_nano.a(libc_a-sbrkr.o)
                0x080088cc                _sbrk_r
 .text.memchr   0x080088ec       0x1c D:/ST/STM32CubeIDE_1.16.1/STM32CubeIDE/plugins/com.st.stm32cube.ide.mcu.externaltools.gnu-tools-for-stm32.12.3.rel1.win32_1.0.200.202406191623/tools/bin/../lib/gcc/arm-none-eabi/12.3.1/../../../../arm-none-eabi/lib/thumb/v7-m/nofp\libc_nano.a(libc_a-memchr-stub.o)
                0x080088ec                memchr
 .text._realloc_r
                0x08008908       0x5c D:/ST/STM32CubeIDE_1.16.1/STM32CubeIDE/plugins/com.st.stm32cube.ide.mcu.externaltools.gnu-tools-for-stm32.12.3.rel1.win32_1.0.200.202406191623/tools/bin/../lib/gcc/arm-none-eabi/12.3.1/../../../../arm-none-eabi/lib/thumb/v7-m/nofp\libc_nano.a(libc_a-reallocr.o)
                0x08008908                _realloc_r
 .text._malloc_usable_size_r
                0x08008964       0x10 D:/ST/STM32CubeIDE_1.16.1/STM32CubeIDE/plugins/com.st.stm32cube.ide.mcu.externaltools.gnu-tools-for-stm32.12.3.rel1.win32_1.0.200.202406191623/tools/bin/../lib/gcc/arm-none-eabi/12.3.1/../../../../arm-none-eabi/lib/thumb/v7-m/nofp\libc_nano.a(libc_a-msizer.o)
                0x08008964                _malloc_usable_size_r
 *(.glue_7)
 .glue_7        0x08008974        0x0 linker stubs
 *(.glue_7t)
 .glue_7t       0x08008974        0x0 linker stubs
 *(.eh_frame)
 .eh_frame      0x08008974        0x0 D:/ST/STM32CubeIDE_1.16.1/STM32CubeIDE/plugins/com.st.stm32cube.ide.mcu.externaltools.gnu-tools-for-stm32.12.3.rel1.win32_1.0.200.202406191623/tools/bin/../lib/gcc/arm-none-eabi/12.3.1/thumb/v7-m/nofp/crtbegin.o
 *(.init)
 .init          0x08008974        0x4 D:/ST/STM32CubeIDE_1.16.1/STM32CubeIDE/plugins/com.st.stm32cube.ide.mcu.externaltools.gnu-tools-for-stm32.12.3.rel1.win32_1.0.200.202406191623/tools/bin/../lib/gcc/arm-none-eabi/12.3.1/thumb/v7-m/nofp/crti.o
                0x08008974                _init
 .init          0x08008978        0x8 D:/ST/STM32CubeIDE_1.16.1/STM32CubeIDE/plugins/com.st.stm32cube.ide.mcu.externaltools.gnu-tools-for-stm32.12.3.rel1.win32_1.0.200.202406191623/tools/bin/../lib/gcc/arm-none-eabi/12.3.1/thumb/v7-m/nofp/crtn.o
 *(.fini)
 .fini          0x08008980        0x4 D:/ST/STM32CubeIDE_1.16.1/STM32CubeIDE/plugins/com.st.stm32cube.ide.mcu.externaltools.gnu-tools-for-stm32.12.3.rel1.win32_1.0.200.202406191623/tools/bin/../lib/gcc/arm-none-eabi/12.3.1/thumb/v7-m/nofp/crti.o
                0x08008980                _fini
 .fini          0x08008984        0x8 D:/ST/STM32CubeIDE_1.16.1/STM32CubeIDE/plugins/com.st.stm32cube.ide.mcu.externaltools.gnu-tools-for-stm32.12.3.rel1.win32_1.0.200.202406191623/tools/bin/../lib/gcc/arm-none-eabi/12.3.1/thumb/v7-m/nofp/crtn.o
                0x0800898c                        . = ALIGN (0x4)
                0x0800898c                        _etext = .

.vfp11_veneer   0x0800898c        0x0
 .vfp11_veneer  0x0800898c        0x0 linker stubs

.v4_bx          0x0800898c        0x0
 .v4_bx         0x0800898c        0x0 linker stubs

.iplt           0x0800898c        0x0
 .iplt          0x0800898c        0x0 D:/ST/STM32CubeIDE_1.16.1/STM32CubeIDE/plugins/com.st.stm32cube.ide.mcu.externaltools.gnu-tools-for-stm32.12.3.rel1.win32_1.0.200.202406191623/tools/bin/../lib/gcc/arm-none-eabi/12.3.1/thumb/v7-m/nofp/crtbegin.o

.rodata         0x0800898c       0xd0
                0x0800898c                        . = ALIGN (0x4)
 *(.rodata)
 .rodata        0x0800898c       0x2f ./Core/Src/main.o
 *fill*         0x080089bb        0x1 
 .rodata        0x080089bc       0x46 ./USB_DEVICE/App/usbd_desc.o
 *(.rodata*)
 *fill*         0x08008a02        0x2 
 .rodata.AHBPrescTable
                0x08008a04       0x10 ./Core/Src/system_stm32f1xx.o
                0x08008a04                AHBPrescTable
 .rodata.aPLLMULFactorTable.1
                0x08008a14       0x10 ./Drivers/STM32F1xx_HAL_Driver/Src/stm32f1xx_hal_rcc.o
 .rodata.aPredivFactorTable.0
                0x08008a24        0x2 ./Drivers/STM32F1xx_HAL_Driver/Src/stm32f1xx_hal_rcc.o
 .rodata._svfprintf_r.str1.1
                0x08008a26       0x11 D:/ST/STM32CubeIDE_1.16.1/STM32CubeIDE/plugins/com.st.stm32cube.ide.mcu.externaltools.gnu-tools-for-stm32.12.3.rel1.win32_1.0.200.202406191623/tools/bin/../lib/gcc/arm-none-eabi/12.3.1/../../../../arm-none-eabi/lib/thumb/v7-m/nofp\libc_nano.a(libc_a-nano-svfprintf.o)
 .rodata._printf_i.str1.1
                0x08008a37       0x22 D:/ST/STM32CubeIDE_1.16.1/STM32CubeIDE/plugins/com.st.stm32cube.ide.mcu.externaltools.gnu-tools-for-stm32.12.3.rel1.win32_1.0.200.202406191623/tools/bin/../lib/gcc/arm-none-eabi/12.3.1/../../../../arm-none-eabi/lib/thumb/v7-m/nofp\libc_nano.a(libc_a-nano-vfprintf_i.o)
                0x08008a5c                        . = ALIGN (0x4)
 *fill*         0x08008a59        0x3 

.ARM.extab      0x08008a5c        0x0
                0x08008a5c                        . = ALIGN (0x4)
 *(.ARM.extab* .gnu.linkonce.armextab.*)
                0x08008a5c                        . = ALIGN (0x4)

.ARM            0x08008a5c        0x8
                0x08008a5c                        . = ALIGN (0x4)
                0x08008a5c                        __exidx_start = .
 *(.ARM.exidx*)
 .ARM.exidx     0x08008a5c        0x8 D:/ST/STM32CubeIDE_1.16.1/STM32CubeIDE/plugins/com.st.stm32cube.ide.mcu.externaltools.gnu-tools-for-stm32.12.3.rel1.win32_1.0.200.202406191623/tools/bin/../lib/gcc/arm-none-eabi/12.3.1/../../../../arm-none-eabi/lib/thumb/v7-m/nofp\libc_nano.a(libc_a-strlen.o)
                0x08008a64                        __exidx_end = .
                0x08008a64                        . = ALIGN (0x4)

.preinit_array  0x08008a64        0x0
                0x08008a64                        . = ALIGN (0x4)
                0x08008a64                        PROVIDE (__preinit_array_start = .)
 *(.preinit_array*)
                0x08008a64                        PROVIDE (__preinit_array_end = .)
                0x08008a64                        . = ALIGN (0x4)

.init_array     0x08008a64        0x4
                0x08008a64                        . = ALIGN (0x4)
                0x08008a64                        PROVIDE (__init_array_start = .)
 *(SORT_BY_NAME(.init_array.*))
 *(.init_array*)
 .init_array    0x08008a64        0x4 D:/ST/STM32CubeIDE_1.16.1/STM32CubeIDE/plugins/com.st.stm32cube.ide.mcu.externaltools.gnu-tools-for-stm32.12.3.rel1.win32_1.0.200.202406191623/tools/bin/../lib/gcc/arm-none-eabi/12.3.1/thumb/v7-m/nofp/crtbegin.o
                0x08008a68                        PROVIDE (__init_array_end = .)
                0x08008a68                        . = ALIGN (0x4)

.fini_array     0x08008a68        0x4
                0x08008a68                        . = ALIGN (0x4)
                [!provide]                        PROVIDE (__fini_array_start = .)
 *(SORT_BY_NAME(.fini_array.*))
 *(.fini_array*)
 .fini_array    0x08008a68        0x4 D:/ST/STM32CubeIDE_1.16.1/STM32CubeIDE/plugins/com.st.stm32cube.ide.mcu.externaltools.gnu-tools-for-stm32.12.3.rel1.win32_1.0.200.202406191623/tools/bin/../lib/gcc/arm-none-eabi/12.3.1/thumb/v7-m/nofp/crtbegin.o
                [!provide]                        PROVIDE (__fini_array_end = .)
                0x08008a6c                        . = ALIGN (0x4)
                0x08008a6c                        _sidata = LOADADDR (.data)

.rel.dyn        0x08008a6c        0x0
 .rel.iplt      0x08008a6c        0x0 D:/ST/STM32CubeIDE_1.16.1/STM32CubeIDE/plugins/com.st.stm32cube.ide.mcu.externaltools.gnu-tools-for-stm32.12.3.rel1.win32_1.0.200.202406191623/tools/bin/../lib/gcc/arm-none-eabi/12.3.1/thumb/v7-m/nofp/crtbegin.o

.data           0x20000000      0x1dc load address 0x08008a6c
                0x20000000                        . = ALIGN (0x4)
                0x20000000                        _sdata = .
 *(.data)
 *(.data*)
 .data.startCom
                0x20000000        0x6 ./Core/Src/main.o
                0x20000000                startCom
 *fill*         0x20000006        0x2 
 .data.stopCom  0x20000008        0x5 ./Core/Src/main.o
                0x20000008                stopCom
 *fill*         0x2000000d        0x3 
 .data.SystemCoreClock
                0x20000010        0x4 ./Core/Src/system_stm32f1xx.o
                0x20000010                SystemCoreClock
 .data.uwTickPrio
                0x20000014        0x4 ./Drivers/STM32F1xx_HAL_Driver/Src/stm32f1xx_hal.o
                0x20000014                uwTickPrio
 .data.uwTickFreq
                0x20000018        0x1 ./Drivers/STM32F1xx_HAL_Driver/Src/stm32f1xx_hal.o
                0x20000018                uwTickFreq
 *fill*         0x20000019        0x3 
 .data.USBD_CDC_DeviceQualifierDesc
                0x2000001c        0xa ./Middlewares/ST/STM32_USB_Device_Library/Class/CDC/Src/usbd_cdc.o
 *fill*         0x20000026        0x2 
 .data.USBD_CDC
                0x20000028       0x38 ./Middlewares/ST/STM32_USB_Device_Library/Class/CDC/Src/usbd_cdc.o
                0x20000028                USBD_CDC
 .data.USBD_CDC_CfgHSDesc
                0x20000060       0x43 ./Middlewares/ST/STM32_USB_Device_Library/Class/CDC/Src/usbd_cdc.o
                0x20000060                USBD_CDC_CfgHSDesc
 *fill*         0x200000a3        0x1 
 .data.USBD_CDC_CfgFSDesc
                0x200000a4       0x43 ./Middlewares/ST/STM32_USB_Device_Library/Class/CDC/Src/usbd_cdc.o
                0x200000a4                USBD_CDC_CfgFSDesc
 *fill*         0x200000e7        0x1 
 .data.USBD_CDC_OtherSpeedCfgDesc
                0x200000e8       0x43 ./Middlewares/ST/STM32_USB_Device_Library/Class/CDC/Src/usbd_cdc.o
                0x200000e8                USBD_CDC_OtherSpeedCfgDesc
 *fill*         0x2000012b        0x1 
 .data.USBD_Interface_fops_FS
                0x2000012c       0x10 ./USB_DEVICE/App/usbd_cdc_if.o
                0x2000012c                USBD_Interface_fops_FS
 .data.FS_Desc  0x2000013c       0x1c ./USB_DEVICE/App/usbd_desc.o
                0x2000013c                FS_Desc
 .data.USBD_FS_DeviceDesc
                0x20000158       0x12 ./USB_DEVICE/App/usbd_desc.o
                0x20000158                USBD_FS_DeviceDesc
 *fill*         0x2000016a        0x2 
 .data.USBD_LangIDDesc
                0x2000016c        0x4 ./USB_DEVICE/App/usbd_desc.o
                0x2000016c                USBD_LangIDDesc
 .data.USBD_StringSerial
                0x20000170       0x1a ./USB_DEVICE/App/usbd_desc.o
                0x20000170                USBD_StringSerial
 *fill*         0x2000018a        0x2 
 .data._impure_ptr
                0x2000018c        0x4 D:/ST/STM32CubeIDE_1.16.1/STM32CubeIDE/plugins/com.st.stm32cube.ide.mcu.externaltools.gnu-tools-for-stm32.12.3.rel1.win32_1.0.200.202406191623/tools/bin/../lib/gcc/arm-none-eabi/12.3.1/../../../../arm-none-eabi/lib/thumb/v7-m/nofp\libc_nano.a(libc_a-impure.o)
                0x2000018c                _impure_ptr
 .data._impure_data
                0x20000190       0x4c D:/ST/STM32CubeIDE_1.16.1/STM32CubeIDE/plugins/com.st.stm32cube.ide.mcu.externaltools.gnu-tools-for-stm32.12.3.rel1.win32_1.0.200.202406191623/tools/bin/../lib/gcc/arm-none-eabi/12.3.1/../../../../arm-none-eabi/lib/thumb/v7-m/nofp\libc_nano.a(libc_a-impure.o)
                0x20000190                _impure_data
 *(.RamFunc)
 *(.RamFunc*)
                0x200001dc                        . = ALIGN (0x4)
                0x200001dc                        _edata = .

.igot.plt       0x200001dc        0x0 load address 0x08008c48
 .igot.plt      0x200001dc        0x0 D:/ST/STM32CubeIDE_1.16.1/STM32CubeIDE/plugins/com.st.stm32cube.ide.mcu.externaltools.gnu-tools-for-stm32.12.3.rel1.win32_1.0.200.202406191623/tools/bin/../lib/gcc/arm-none-eabi/12.3.1/thumb/v7-m/nofp/crtbegin.o
                0x200001dc                        . = ALIGN (0x4)

.bss            0x200001dc     0x13bc load address 0x08008c48
                0x200001dc                        _sbss = .
                0x200001dc                        __bss_start__ = _sbss
 *(.bss)
 .bss           0x200001dc       0x1c D:/ST/STM32CubeIDE_1.16.1/STM32CubeIDE/plugins/com.st.stm32cube.ide.mcu.externaltools.gnu-tools-for-stm32.12.3.rel1.win32_1.0.200.202406191623/tools/bin/../lib/gcc/arm-none-eabi/12.3.1/thumb/v7-m/nofp/crtbegin.o
 *(.bss*)
 .bss.htim2     0x200001f8       0x48 ./Core/Src/main.o
                0x200001f8                htim2
 .bss.seconds   0x20000240        0x4 ./Core/Src/main.o
                0x20000240                seconds
 .bss.command   0x20000244       0x20 ./Core/Src/main.o
                0x20000244                command
 .bss.message   0x20000264       0x20 ./Core/Src/main.o
                0x20000264                message
 .bss.RxLen     0x20000284        0x1 ./Core/Src/main.o
                0x20000284                RxLen
 *fill*         0x20000285        0x3 
 .bss.__sbrk_heap_end
                0x20000288        0x4 ./Core/Src/sysmem.o
 .bss.uwTick    0x2000028c        0x4 ./Drivers/STM32F1xx_HAL_Driver/Src/stm32f1xx_hal.o
                0x2000028c                uwTick
 .bss.cfgidx.0  0x20000290        0x1 ./Middlewares/ST/STM32_USB_Device_Library/Core/Src/usbd_ctlreq.o
 *fill*         0x20000291        0x3 
 .bss.hUsbDeviceFS
                0x20000294      0x2c4 ./USB_DEVICE/App/usb_device.o
                0x20000294                hUsbDeviceFS
 .bss.UserRxBufferFS
                0x20000558      0x400 ./USB_DEVICE/App/usbd_cdc_if.o
                0x20000558                UserRxBufferFS
 .bss.UserTxBufferFS
                0x20000958      0x400 ./USB_DEVICE/App/usbd_cdc_if.o
                0x20000958                UserTxBufferFS
 .bss.USBD_StrDesc
                0x20000d58      0x200 ./USB_DEVICE/App/usbd_desc.o
                0x20000d58                USBD_StrDesc
 .bss.hpcd_USB_FS
                0x20000f58      0x2d8 ./USB_DEVICE/Target/usbd_conf.o
                0x20000f58                hpcd_USB_FS
 .bss.mem.0     0x20001230      0x220 ./USB_DEVICE/Target/usbd_conf.o
 .bss.__sf      0x20001450      0x138 D:/ST/STM32CubeIDE_1.16.1/STM32CubeIDE/plugins/com.st.stm32cube.ide.mcu.externaltools.gnu-tools-for-stm32.12.3.rel1.win32_1.0.200.202406191623/tools/bin/../lib/gcc/arm-none-eabi/12.3.1/../../../../arm-none-eabi/lib/thumb/v7-m/nofp\libc_nano.a(libc_a-findfp.o)
                0x20001450                __sf
 .bss.errno     0x20001588        0x4 D:/ST/STM32CubeIDE_1.16.1/STM32CubeIDE/plugins/com.st.stm32cube.ide.mcu.externaltools.gnu-tools-for-stm32.12.3.rel1.win32_1.0.200.202406191623/tools/bin/../lib/gcc/arm-none-eabi/12.3.1/../../../../arm-none-eabi/lib/thumb/v7-m/nofp\libc_nano.a(libc_a-reent.o)
                0x20001588                errno
 .bss.__lock___malloc_recursive_mutex
                0x2000158c        0x1 D:/ST/STM32CubeIDE_1.16.1/STM32CubeIDE/plugins/com.st.stm32cube.ide.mcu.externaltools.gnu-tools-for-stm32.12.3.rel1.win32_1.0.200.202406191623/tools/bin/../lib/gcc/arm-none-eabi/12.3.1/../../../../arm-none-eabi/lib/thumb/v7-m/nofp\libc_nano.a(libc_a-lock.o)
                0x2000158c                __lock___malloc_recursive_mutex
 *fill*         0x2000158d        0x3 
 .bss.__malloc_sbrk_start
                0x20001590        0x4 D:/ST/STM32CubeIDE_1.16.1/STM32CubeIDE/plugins/com.st.stm32cube.ide.mcu.externaltools.gnu-tools-for-stm32.12.3.rel1.win32_1.0.200.202406191623/tools/bin/../lib/gcc/arm-none-eabi/12.3.1/../../../../arm-none-eabi/lib/thumb/v7-m/nofp\libc_nano.a(libc_a-mallocr.o)
                0x20001590                __malloc_sbrk_start
 .bss.__malloc_free_list
                0x20001594        0x4 D:/ST/STM32CubeIDE_1.16.1/STM32CubeIDE/plugins/com.st.stm32cube.ide.mcu.externaltools.gnu-tools-for-stm32.12.3.rel1.win32_1.0.200.202406191623/tools/bin/../lib/gcc/arm-none-eabi/12.3.1/../../../../arm-none-eabi/lib/thumb/v7-m/nofp\libc_nano.a(libc_a-mallocr.o)
                0x20001594                __malloc_free_list
 *(COMMON)
                0x20001598                        . = ALIGN (0x4)
                0x20001598                        _ebss = .
                0x20001598                        __bss_end__ = _ebss

._user_heap_stack
                0x20001598      0x600 load address 0x08008c48
                0x20001598                        . = ALIGN (0x8)
                [!provide]                        PROVIDE (end = .)
                0x20001598                        PROVIDE (_end = .)
                0x20001798                        . = (. + _Min_Heap_Size)
 *fill*         0x20001598      0x200 
                0x20001b98                        . = (. + _Min_Stack_Size)
 *fill*         0x20001798      0x400 
                0x20001b98                        . = ALIGN (0x8)

/DISCARD/
 libc.a(*)
 libm.a(*)
 libgcc.a(*)

.ARM.attributes
                0x00000000       0x29
 *(.ARM.attributes)
 .ARM.attributes
                0x00000000       0x1d D:/ST/STM32CubeIDE_1.16.1/STM32CubeIDE/plugins/com.st.stm32cube.ide.mcu.externaltools.gnu-tools-for-stm32.12.3.rel1.win32_1.0.200.202406191623/tools/bin/../lib/gcc/arm-none-eabi/12.3.1/thumb/v7-m/nofp/crti.o
 .ARM.attributes
                0x0000001d       0x2d D:/ST/STM32CubeIDE_1.16.1/STM32CubeIDE/plugins/com.st.stm32cube.ide.mcu.externaltools.gnu-tools-for-stm32.12.3.rel1.win32_1.0.200.202406191623/tools/bin/../lib/gcc/arm-none-eabi/12.3.1/thumb/v7-m/nofp/crtbegin.o
 .ARM.attributes
                0x0000004a       0x2d ./Core/Src/main.o
 .ARM.attributes
                0x00000077       0x2d ./Core/Src/stm32f1xx_hal_msp.o
 .ARM.attributes
                0x000000a4       0x2d ./Core/Src/stm32f1xx_it.o
 .ARM.attributes
                0x000000d1       0x2d ./Core/Src/sysmem.o
 .ARM.attributes
                0x000000fe       0x2d ./Core/Src/system_stm32f1xx.o
 .ARM.attributes
                0x0000012b       0x21 ./Core/Startup/startup_stm32f103c8tx.o
 .ARM.attributes
                0x0000014c       0x2d ./Drivers/STM32F1xx_HAL_Driver/Src/stm32f1xx_hal.o
 .ARM.attributes
                0x00000179       0x2d ./Drivers/STM32F1xx_HAL_Driver/Src/stm32f1xx_hal_cortex.o
 .ARM.attributes
                0x000001a6       0x2d ./Drivers/STM32F1xx_HAL_Driver/Src/stm32f1xx_hal_gpio.o
 .ARM.attributes
                0x000001d3       0x2d ./Drivers/STM32F1xx_HAL_Driver/Src/stm32f1xx_hal_pcd.o
 .ARM.attributes
                0x00000200       0x2d ./Drivers/STM32F1xx_HAL_Driver/Src/stm32f1xx_hal_pcd_ex.o
 .ARM.attributes
                0x0000022d       0x2d ./Drivers/STM32F1xx_HAL_Driver/Src/stm32f1xx_hal_rcc.o
 .ARM.attributes
                0x0000025a       0x2d ./Drivers/STM32F1xx_HAL_Driver/Src/stm32f1xx_hal_rcc_ex.o
 .ARM.attributes
                0x00000287       0x2d ./Drivers/STM32F1xx_HAL_Driver/Src/stm32f1xx_hal_tim.o
 .ARM.attributes
                0x000002b4       0x2d ./Drivers/STM32F1xx_HAL_Driver/Src/stm32f1xx_hal_tim_ex.o
 .ARM.attributes
                0x000002e1       0x2d ./Drivers/STM32F1xx_HAL_Driver/Src/stm32f1xx_ll_usb.o
 .ARM.attributes
                0x0000030e       0x2d ./Middlewares/ST/STM32_USB_Device_Library/Class/CDC/Src/usbd_cdc.o
 .ARM.attributes
                0x0000033b       0x2d ./Middlewares/ST/STM32_USB_Device_Library/Core/Src/usbd_core.o
 .ARM.attributes
                0x00000368       0x2d ./Middlewares/ST/STM32_USB_Device_Library/Core/Src/usbd_ctlreq.o
 .ARM.attributes
                0x00000395       0x2d ./Middlewares/ST/STM32_USB_Device_Library/Core/Src/usbd_ioreq.o
 .ARM.attributes
                0x000003c2       0x2d ./USB_DEVICE/App/usb_device.o
 .ARM.attributes
                0x000003ef       0x2d ./USB_DEVICE/App/usbd_cdc_if.o
 .ARM.attributes
                0x0000041c       0x2d ./USB_DEVICE/App/usbd_desc.o
 .ARM.attributes
                0x00000449       0x2d ./USB_DEVICE/Target/usbd_conf.o
 .ARM.attributes
                0x00000476       0x2d D:/ST/STM32CubeIDE_1.16.1/STM32CubeIDE/plugins/com.st.stm32cube.ide.mcu.externaltools.gnu-tools-for-stm32.12.3.rel1.win32_1.0.200.202406191623/tools/bin/../lib/gcc/arm-none-eabi/12.3.1/../../../../arm-none-eabi/lib/thumb/v7-m/nofp\libc_nano.a(libc_a-findfp.o)
 .ARM.attributes
                0x000004a3       0x2d D:/ST/STM32CubeIDE_1.16.1/STM32CubeIDE/plugins/com.st.stm32cube.ide.mcu.externaltools.gnu-tools-for-stm32.12.3.rel1.win32_1.0.200.202406191623/tools/bin/../lib/gcc/arm-none-eabi/12.3.1/../../../../arm-none-eabi/lib/thumb/v7-m/nofp\libc_nano.a(libc_a-snprintf.o)
 .ARM.attributes
                0x000004d0       0x2d D:/ST/STM32CubeIDE_1.16.1/STM32CubeIDE/plugins/com.st.stm32cube.ide.mcu.externaltools.gnu-tools-for-stm32.12.3.rel1.win32_1.0.200.202406191623/tools/bin/../lib/gcc/arm-none-eabi/12.3.1/../../../../arm-none-eabi/lib/thumb/v7-m/nofp\libc_nano.a(libc_a-memset.o)
 .ARM.attributes
                0x000004fd       0x2d D:/ST/STM32CubeIDE_1.16.1/STM32CubeIDE/plugins/com.st.stm32cube.ide.mcu.externaltools.gnu-tools-for-stm32.12.3.rel1.win32_1.0.200.202406191623/tools/bin/../lib/gcc/arm-none-eabi/12.3.1/../../../../arm-none-eabi/lib/thumb/v7-m/nofp\libc_nano.a(libc_a-strncmp.o)
 .ARM.attributes
                0x0000052a       0x2d D:/ST/STM32CubeIDE_1.16.1/STM32CubeIDE/plugins/com.st.stm32cube.ide.mcu.externaltools.gnu-tools-for-stm32.12.3.rel1.win32_1.0.200.202406191623/tools/bin/../lib/gcc/arm-none-eabi/12.3.1/../../../../arm-none-eabi/lib/thumb/v7-m/nofp\libc_nano.a(libc_a-reent.o)
 .ARM.attributes
                0x00000557       0x2d D:/ST/STM32CubeIDE_1.16.1/STM32CubeIDE/plugins/com.st.stm32cube.ide.mcu.externaltools.gnu-tools-for-stm32.12.3.rel1.win32_1.0.200.202406191623/tools/bin/../lib/gcc/arm-none-eabi/12.3.1/../../../../arm-none-eabi/lib/thumb/v7-m/nofp\libc_nano.a(libc_a-impure.o)
 .ARM.attributes
                0x00000584       0x2d D:/ST/STM32CubeIDE_1.16.1/STM32CubeIDE/plugins/com.st.stm32cube.ide.mcu.externaltools.gnu-tools-for-stm32.12.3.rel1.win32_1.0.200.202406191623/tools/bin/../lib/gcc/arm-none-eabi/12.3.1/../../../../arm-none-eabi/lib/thumb/v7-m/nofp\libc_nano.a(libc_a-errno.o)
 .ARM.attributes
                0x000005b1       0x2d D:/ST/STM32CubeIDE_1.16.1/STM32CubeIDE/plugins/com.st.stm32cube.ide.mcu.externaltools.gnu-tools-for-stm32.12.3.rel1.win32_1.0.200.202406191623/tools/bin/../lib/gcc/arm-none-eabi/12.3.1/../../../../arm-none-eabi/lib/thumb/v7-m/nofp\libc_nano.a(libc_a-init.o)
 .ARM.attributes
                0x000005de       0x2d D:/ST/STM32CubeIDE_1.16.1/STM32CubeIDE/plugins/com.st.stm32cube.ide.mcu.externaltools.gnu-tools-for-stm32.12.3.rel1.win32_1.0.200.202406191623/tools/bin/../lib/gcc/arm-none-eabi/12.3.1/../../../../arm-none-eabi/lib/thumb/v7-m/nofp\libc_nano.a(libc_a-lock.o)
 .ARM.attributes
                0x0000060b       0x2d D:/ST/STM32CubeIDE_1.16.1/STM32CubeIDE/plugins/com.st.stm32cube.ide.mcu.externaltools.gnu-tools-for-stm32.12.3.rel1.win32_1.0.200.202406191623/tools/bin/../lib/gcc/arm-none-eabi/12.3.1/../../../../arm-none-eabi/lib/thumb/v7-m/nofp\libc_nano.a(libc_a-memcpy-stub.o)
 .ARM.attributes
                0x00000638       0x17 D:/ST/STM32CubeIDE_1.16.1/STM32CubeIDE/plugins/com.st.stm32cube.ide.mcu.externaltools.gnu-tools-for-stm32.12.3.rel1.win32_1.0.200.202406191623/tools/bin/../lib/gcc/arm-none-eabi/12.3.1/../../../../arm-none-eabi/lib/thumb/v7-m/nofp\libc_nano.a(libc_a-strlen.o)
 .ARM.attributes
                0x0000064f       0x2d D:/ST/STM32CubeIDE_1.16.1/STM32CubeIDE/plugins/com.st.stm32cube.ide.mcu.externaltools.gnu-tools-for-stm32.12.3.rel1.win32_1.0.200.202406191623/tools/bin/../lib/gcc/arm-none-eabi/12.3.1/../../../../arm-none-eabi/lib/thumb/v7-m/nofp\libc_nano.a(libc_a-freer.o)
 .ARM.attributes
                0x0000067c       0x2d D:/ST/STM32CubeIDE_1.16.1/STM32CubeIDE/plugins/com.st.stm32cube.ide.mcu.externaltools.gnu-tools-for-stm32.12.3.rel1.win32_1.0.200.202406191623/tools/bin/../lib/gcc/arm-none-eabi/12.3.1/../../../../arm-none-eabi/lib/thumb/v7-m/nofp\libc_nano.a(libc_a-mallocr.o)
 .ARM.attributes
                0x000006a9       0x2d D:/ST/STM32CubeIDE_1.16.1/STM32CubeIDE/plugins/com.st.stm32cube.ide.mcu.externaltools.gnu-tools-for-stm32.12.3.rel1.win32_1.0.200.202406191623/tools/bin/../lib/gcc/arm-none-eabi/12.3.1/../../../../arm-none-eabi/lib/thumb/v7-m/nofp\libc_nano.a(libc_a-mlock.o)
 .ARM.attributes
                0x000006d6       0x2d D:/ST/STM32CubeIDE_1.16.1/STM32CubeIDE/plugins/com.st.stm32cube.ide.mcu.externaltools.gnu-tools-for-stm32.12.3.rel1.win32_1.0.200.202406191623/tools/bin/../lib/gcc/arm-none-eabi/12.3.1/../../../../arm-none-eabi/lib/thumb/v7-m/nofp\libc_nano.a(libc_a-nano-svfprintf.o)
 .ARM.attributes
                0x00000703       0x2d D:/ST/STM32CubeIDE_1.16.1/STM32CubeIDE/plugins/com.st.stm32cube.ide.mcu.externaltools.gnu-tools-for-stm32.12.3.rel1.win32_1.0.200.202406191623/tools/bin/../lib/gcc/arm-none-eabi/12.3.1/../../../../arm-none-eabi/lib/thumb/v7-m/nofp\libc_nano.a(libc_a-nano-vfprintf_i.o)
 .ARM.attributes
                0x00000730       0x2d D:/ST/STM32CubeIDE_1.16.1/STM32CubeIDE/plugins/com.st.stm32cube.ide.mcu.externaltools.gnu-tools-for-stm32.12.3.rel1.win32_1.0.200.202406191623/tools/bin/../lib/gcc/arm-none-eabi/12.3.1/../../../../arm-none-eabi/lib/thumb/v7-m/nofp\libc_nano.a(libc_a-memmove.o)
 .ARM.attributes
                0x0000075d       0x2d D:/ST/STM32CubeIDE_1.16.1/STM32CubeIDE/plugins/com.st.stm32cube.ide.mcu.externaltools.gnu-tools-for-stm32.12.3.rel1.win32_1.0.200.202406191623/tools/bin/../lib/gcc/arm-none-eabi/12.3.1/../../../../arm-none-eabi/lib/thumb/v7-m/nofp\libc_nano.a(libc_a-sbrkr.o)
 .ARM.attributes
                0x0000078a       0x2d D:/ST/STM32CubeIDE_1.16.1/STM32CubeIDE/plugins/com.st.stm32cube.ide.mcu.externaltools.gnu-tools-for-stm32.12.3.rel1.win32_1.0.200.202406191623/tools/bin/../lib/gcc/arm-none-eabi/12.3.1/../../../../arm-none-eabi/lib/thumb/v7-m/nofp\libc_nano.a(libc_a-memchr-stub.o)
 .ARM.attributes
                0x000007b7       0x2d D:/ST/STM32CubeIDE_1.16.1/STM32CubeIDE/plugins/com.st.stm32cube.ide.mcu.externaltools.gnu-tools-for-stm32.12.3.rel1.win32_1.0.200.202406191623/tools/bin/../lib/gcc/arm-none-eabi/12.3.1/../../../../arm-none-eabi/lib/thumb/v7-m/nofp\libc_nano.a(libc_a-reallocr.o)
 .ARM.attributes
                0x000007e4       0x2d D:/ST/STM32CubeIDE_1.16.1/STM32CubeIDE/plugins/com.st.stm32cube.ide.mcu.externaltools.gnu-tools-for-stm32.12.3.rel1.win32_1.0.200.202406191623/tools/bin/../lib/gcc/arm-none-eabi/12.3.1/../../../../arm-none-eabi/lib/thumb/v7-m/nofp\libc_nano.a(libc_a-msizer.o)
 .ARM.attributes
                0x00000811       0x1d D:/ST/STM32CubeIDE_1.16.1/STM32CubeIDE/plugins/com.st.stm32cube.ide.mcu.externaltools.gnu-tools-for-stm32.12.3.rel1.win32_1.0.200.202406191623/tools/bin/../lib/gcc/arm-none-eabi/12.3.1/thumb/v7-m/nofp/crtn.o
OUTPUT(secondsCounterViaUsb.elf elf32-littlearm)
LOAD linker stubs
LOAD D:/ST/STM32CubeIDE_1.16.1/STM32CubeIDE/plugins/com.st.stm32cube.ide.mcu.externaltools.gnu-tools-for-stm32.12.3.rel1.win32_1.0.200.202406191623/tools/bin/../lib/gcc/arm-none-eabi/12.3.1/../../../../arm-none-eabi/lib/thumb/v7-m/nofp\libc.a
LOAD D:/ST/STM32CubeIDE_1.16.1/STM32CubeIDE/plugins/com.st.stm32cube.ide.mcu.externaltools.gnu-tools-for-stm32.12.3.rel1.win32_1.0.200.202406191623/tools/bin/../lib/gcc/arm-none-eabi/12.3.1/../../../../arm-none-eabi/lib/thumb/v7-m/nofp\libm.a
LOAD D:/ST/STM32CubeIDE_1.16.1/STM32CubeIDE/plugins/com.st.stm32cube.ide.mcu.externaltools.gnu-tools-for-stm32.12.3.rel1.win32_1.0.200.202406191623/tools/bin/../lib/gcc/arm-none-eabi/12.3.1/thumb/v7-m/nofp\libgcc.a

.debug_info     0x00000000    0x111b6
 .debug_info    0x00000000      0xd99 ./Core/Src/main.o
 .debug_info    0x00000d99      0x938 ./Core/Src/stm32f1xx_hal_msp.o
 .debug_info    0x000016d1      0xb7a ./Core/Src/stm32f1xx_it.o
 .debug_info    0x0000224b      0x168 ./Core/Src/sysmem.o
 .debug_info    0x000023b3      0x222 ./Core/Src/system_stm32f1xx.o
 .debug_info    0x000025d5       0x30 ./Core/Startup/startup_stm32f103c8tx.o
 .debug_info    0x00002605      0x704 ./Drivers/STM32F1xx_HAL_Driver/Src/stm32f1xx_hal.o
 .debug_info    0x00002d09      0xa87 ./Drivers/STM32F1xx_HAL_Driver/Src/stm32f1xx_hal_cortex.o
 .debug_info    0x00003790      0x5ab ./Drivers/STM32F1xx_HAL_Driver/Src/stm32f1xx_hal_gpio.o
 .debug_info    0x00003d3b     0x16dc ./Drivers/STM32F1xx_HAL_Driver/Src/stm32f1xx_hal_pcd.o
 .debug_info    0x00005417      0x6c3 ./Drivers/STM32F1xx_HAL_Driver/Src/stm32f1xx_hal_pcd_ex.o
 .debug_info    0x00005ada      0x7d5 ./Drivers/STM32F1xx_HAL_Driver/Src/stm32f1xx_hal_rcc.o
 .debug_info    0x000062af      0x3c0 ./Drivers/STM32F1xx_HAL_Driver/Src/stm32f1xx_hal_rcc_ex.o
 .debug_info    0x0000666f     0x2959 ./Drivers/STM32F1xx_HAL_Driver/Src/stm32f1xx_hal_tim.o
 .debug_info    0x00008fc8     0x149b ./Drivers/STM32F1xx_HAL_Driver/Src/stm32f1xx_hal_tim_ex.o
 .debug_info    0x0000a463     0x17ae ./Drivers/STM32F1xx_HAL_Driver/Src/stm32f1xx_ll_usb.o
 .debug_info    0x0000bc11     0x1043 ./Middlewares/ST/STM32_USB_Device_Library/Class/CDC/Src/usbd_cdc.o
 .debug_info    0x0000cc54      0xa52 ./Middlewares/ST/STM32_USB_Device_Library/Core/Src/usbd_core.o
 .debug_info    0x0000d6a6      0x91c ./Middlewares/ST/STM32_USB_Device_Library/Core/Src/usbd_ctlreq.o
 .debug_info    0x0000dfc2      0x6a0 ./Middlewares/ST/STM32_USB_Device_Library/Core/Src/usbd_ioreq.o
 .debug_info    0x0000e662      0x63d ./USB_DEVICE/App/usb_device.o
 .debug_info    0x0000ec9f      0x869 ./USB_DEVICE/App/usbd_cdc_if.o
 .debug_info    0x0000f508      0x44a ./USB_DEVICE/App/usbd_desc.o
 .debug_info    0x0000f952     0x1864 ./USB_DEVICE/Target/usbd_conf.o

.debug_abbrev   0x00000000     0x3077
 .debug_abbrev  0x00000000      0x289 ./Core/Src/main.o
 .debug_abbrev  0x00000289      0x1ad ./Core/Src/stm32f1xx_hal_msp.o
 .debug_abbrev  0x00000436      0x1c6 ./Core/Src/stm32f1xx_it.o
 .debug_abbrev  0x000005fc       0xbc ./Core/Src/sysmem.o
 .debug_abbrev  0x000006b8      0x13f ./Core/Src/system_stm32f1xx.o
 .debug_abbrev  0x000007f7       0x24 ./Core/Startup/startup_stm32f103c8tx.o
 .debug_abbrev  0x0000081b      0x201 ./Drivers/STM32F1xx_HAL_Driver/Src/stm32f1xx_hal.o
 .debug_abbrev  0x00000a1c      0x2f8 ./Drivers/STM32F1xx_HAL_Driver/Src/stm32f1xx_hal_cortex.o
 .debug_abbrev  0x00000d14      0x1ca ./Drivers/STM32F1xx_HAL_Driver/Src/stm32f1xx_hal_gpio.o
 .debug_abbrev  0x00000ede      0x2d6 ./Drivers/STM32F1xx_HAL_Driver/Src/stm32f1xx_hal_pcd.o
 .debug_abbrev  0x000011b4      0x189 ./Drivers/STM32F1xx_HAL_Driver/Src/stm32f1xx_hal_pcd_ex.o
 .debug_abbrev  0x0000133d      0x2b3 ./Drivers/STM32F1xx_HAL_Driver/Src/stm32f1xx_hal_rcc.o
 .debug_abbrev  0x000015f0      0x188 ./Drivers/STM32F1xx_HAL_Driver/Src/stm32f1xx_hal_rcc_ex.o
 .debug_abbrev  0x00001778      0x277 ./Drivers/STM32F1xx_HAL_Driver/Src/stm32f1xx_hal_tim.o
 .debug_abbrev  0x000019ef      0x282 ./Drivers/STM32F1xx_HAL_Driver/Src/stm32f1xx_hal_tim_ex.o
 .debug_abbrev  0x00001c71      0x1de ./Drivers/STM32F1xx_HAL_Driver/Src/stm32f1xx_ll_usb.o
 .debug_abbrev  0x00001e4f      0x2d3 ./Middlewares/ST/STM32_USB_Device_Library/Class/CDC/Src/usbd_cdc.o
 .debug_abbrev  0x00002122      0x24a ./Middlewares/ST/STM32_USB_Device_Library/Core/Src/usbd_core.o
 .debug_abbrev  0x0000236c      0x26b ./Middlewares/ST/STM32_USB_Device_Library/Core/Src/usbd_ctlreq.o
 .debug_abbrev  0x000025d7      0x192 ./Middlewares/ST/STM32_USB_Device_Library/Core/Src/usbd_ioreq.o
 .debug_abbrev  0x00002769      0x18d ./USB_DEVICE/App/usb_device.o
 .debug_abbrev  0x000028f6      0x26c ./USB_DEVICE/App/usbd_cdc_if.o
 .debug_abbrev  0x00002b62      0x1ff ./USB_DEVICE/App/usbd_desc.o
 .debug_abbrev  0x00002d61      0x316 ./USB_DEVICE/Target/usbd_conf.o

.debug_aranges  0x00000000      0xff0
 .debug_aranges
                0x00000000       0x48 ./Core/Src/main.o
 .debug_aranges
                0x00000048       0x30 ./Core/Src/stm32f1xx_hal_msp.o
 .debug_aranges
                0x00000078       0x70 ./Core/Src/stm32f1xx_it.o
 .debug_aranges
                0x000000e8       0x20 ./Core/Src/sysmem.o
 .debug_aranges
                0x00000108       0x28 ./Core/Src/system_stm32f1xx.o
 .debug_aranges
                0x00000130       0x28 ./Core/Startup/startup_stm32f103c8tx.o
 .debug_aranges
                0x00000158       0xe0 ./Drivers/STM32F1xx_HAL_Driver/Src/stm32f1xx_hal.o
 .debug_aranges
                0x00000238      0x100 ./Drivers/STM32F1xx_HAL_Driver/Src/stm32f1xx_hal_cortex.o
 .debug_aranges
                0x00000338       0x58 ./Drivers/STM32F1xx_HAL_Driver/Src/stm32f1xx_hal_gpio.o
 .debug_aranges
                0x00000390      0x140 ./Drivers/STM32F1xx_HAL_Driver/Src/stm32f1xx_hal_pcd.o
 .debug_aranges
                0x000004d0       0x38 ./Drivers/STM32F1xx_HAL_Driver/Src/stm32f1xx_hal_pcd_ex.o
 .debug_aranges
                0x00000508       0x90 ./Drivers/STM32F1xx_HAL_Driver/Src/stm32f1xx_hal_rcc.o
 .debug_aranges
                0x00000598       0x30 ./Drivers/STM32F1xx_HAL_Driver/Src/stm32f1xx_hal_rcc_ex.o
 .debug_aranges
                0x000005c8      0x3d0 ./Drivers/STM32F1xx_HAL_Driver/Src/stm32f1xx_hal_tim.o
 .debug_aranges
                0x00000998      0x168 ./Drivers/STM32F1xx_HAL_Driver/Src/stm32f1xx_hal_tim_ex.o
 .debug_aranges
                0x00000b00       0xf8 ./Drivers/STM32F1xx_HAL_Driver/Src/stm32f1xx_ll_usb.o
 .debug_aranges
                0x00000bf8       0x90 ./Middlewares/ST/STM32_USB_Device_Library/Class/CDC/Src/usbd_cdc.o
 .debug_aranges
                0x00000c88       0xb8 ./Middlewares/ST/STM32_USB_Device_Library/Core/Src/usbd_core.o
 .debug_aranges
                0x00000d40       0x88 ./Middlewares/ST/STM32_USB_Device_Library/Core/Src/usbd_ctlreq.o
 .debug_aranges
                0x00000dc8       0x50 ./Middlewares/ST/STM32_USB_Device_Library/Core/Src/usbd_ioreq.o
 .debug_aranges
                0x00000e18       0x20 ./USB_DEVICE/App/usb_device.o
 .debug_aranges
                0x00000e38       0x40 ./USB_DEVICE/App/usbd_cdc_if.o
 .debug_aranges
                0x00000e78       0x60 ./USB_DEVICE/App/usbd_desc.o
 .debug_aranges
                0x00000ed8      0x118 ./USB_DEVICE/Target/usbd_conf.o

.debug_rnglists
                0x00000000      0xc0b
 .debug_rnglists
                0x00000000       0x35 ./Core/Src/main.o
 .debug_rnglists
                0x00000035       0x1f ./Core/Src/stm32f1xx_hal_msp.o
 .debug_rnglists
                0x00000054       0x4f ./Core/Src/stm32f1xx_it.o
 .debug_rnglists
                0x000000a3       0x13 ./Core/Src/sysmem.o
 .debug_rnglists
                0x000000b6       0x1a ./Core/Src/system_stm32f1xx.o
 .debug_rnglists
                0x000000d0       0x19 ./Core/Startup/startup_stm32f103c8tx.o
 .debug_rnglists
                0x000000e9       0xa3 ./Drivers/STM32F1xx_HAL_Driver/Src/stm32f1xx_hal.o
 .debug_rnglists
                0x0000018c       0xbb ./Drivers/STM32F1xx_HAL_Driver/Src/stm32f1xx_hal_cortex.o
 .debug_rnglists
                0x00000247       0x3f ./Drivers/STM32F1xx_HAL_Driver/Src/stm32f1xx_hal_gpio.o
 .debug_rnglists
                0x00000286       0xf4 ./Drivers/STM32F1xx_HAL_Driver/Src/stm32f1xx_hal_pcd.o
 .debug_rnglists
                0x0000037a       0x26 ./Drivers/STM32F1xx_HAL_Driver/Src/stm32f1xx_hal_pcd_ex.o
 .debug_rnglists
                0x000003a0       0x6c ./Drivers/STM32F1xx_HAL_Driver/Src/stm32f1xx_hal_rcc.o
 .debug_rnglists
                0x0000040c       0x21 ./Drivers/STM32F1xx_HAL_Driver/Src/stm32f1xx_hal_rcc_ex.o
 .debug_rnglists
                0x0000042d      0x31a ./Drivers/STM32F1xx_HAL_Driver/Src/stm32f1xx_hal_tim.o
 .debug_rnglists
                0x00000747      0x125 ./Drivers/STM32F1xx_HAL_Driver/Src/stm32f1xx_hal_tim_ex.o
 .debug_rnglists
                0x0000086c       0xbd ./Drivers/STM32F1xx_HAL_Driver/Src/stm32f1xx_ll_usb.o
 .debug_rnglists
                0x00000929       0x6a ./Middlewares/ST/STM32_USB_Device_Library/Class/CDC/Src/usbd_cdc.o
 .debug_rnglists
                0x00000993       0x89 ./Middlewares/ST/STM32_USB_Device_Library/Core/Src/usbd_core.o
 .debug_rnglists
                0x00000a1c       0x68 ./Middlewares/ST/STM32_USB_Device_Library/Core/Src/usbd_ctlreq.o
 .debug_rnglists
                0x00000a84       0x37 ./Middlewares/ST/STM32_USB_Device_Library/Core/Src/usbd_ioreq.o
 .debug_rnglists
                0x00000abb       0x13 ./USB_DEVICE/App/usb_device.o
 .debug_rnglists
                0x00000ace       0x2c ./USB_DEVICE/App/usbd_cdc_if.o
 .debug_rnglists
                0x00000afa       0x43 ./USB_DEVICE/App/usbd_desc.o
 .debug_rnglists
                0x00000b3d       0xce ./USB_DEVICE/Target/usbd_conf.o

.debug_macro    0x00000000    0x1a1d9
 .debug_macro   0x00000000      0x375 ./Core/Src/main.o
 .debug_macro   0x00000375      0xaa8 ./Core/Src/main.o
 .debug_macro   0x00000e1d      0x21b ./Core/Src/main.o
 .debug_macro   0x00001038       0x2e ./Core/Src/main.o
 .debug_macro   0x00001066       0x22 ./Core/Src/main.o
 .debug_macro   0x00001088       0x22 ./Core/Src/main.o
 .debug_macro   0x000010aa       0x8e ./Core/Src/main.o
 .debug_macro   0x00001138       0x51 ./Core/Src/main.o
 .debug_macro   0x00001189      0x103 ./Core/Src/main.o
 .debug_macro   0x0000128c       0x6a ./Core/Src/main.o
 .debug_macro   0x000012f6      0x1df ./Core/Src/main.o
 .debug_macro   0x000014d5       0x1c ./Core/Src/main.o
 .debug_macro   0x000014f1       0x22 ./Core/Src/main.o
 .debug_macro   0x00001513       0xbd ./Core/Src/main.o
 .debug_macro   0x000015d0      0xd23 ./Core/Src/main.o
 .debug_macro   0x000022f3     0xe09e ./Core/Src/main.o
 .debug_macro   0x00010391       0x6d ./Core/Src/main.o
 .debug_macro   0x000103fe     0x34a2 ./Core/Src/main.o
 .debug_macro   0x000138a0      0x189 ./Core/Src/main.o
 .debug_macro   0x00013a29       0x5c ./Core/Src/main.o
 .debug_macro   0x00013a85      0x5bc ./Core/Src/main.o
 .debug_macro   0x00014041      0x289 ./Core/Src/main.o
 .debug_macro   0x000142ca      0x1cb ./Core/Src/main.o
 .debug_macro   0x00014495      0x114 ./Core/Src/main.o
 .debug_macro   0x000145a9      0x1b2 ./Core/Src/main.o
 .debug_macro   0x0001475b       0x27 ./Core/Src/main.o
 .debug_macro   0x00014782      0x136 ./Core/Src/main.o
 .debug_macro   0x000148b8      0x1bc ./Core/Src/main.o
 .debug_macro   0x00014a74       0x34 ./Core/Src/main.o
 .debug_macro   0x00014aa8       0x3c ./Core/Src/main.o
 .debug_macro   0x00014ae4       0x57 ./Core/Src/main.o
 .debug_macro   0x00014b3b       0x87 ./Core/Src/main.o
 .debug_macro   0x00014bc2      0x240 ./Core/Src/main.o
 .debug_macro   0x00014e02      0x140 ./Core/Src/main.o
 .debug_macro   0x00014f42      0x8ed ./Core/Src/main.o
 .debug_macro   0x0001582f       0xb7 ./Core/Src/main.o
 .debug_macro   0x000158e6      0x242 ./Core/Src/main.o
 .debug_macro   0x00015b28       0x83 ./Core/Src/main.o
 .debug_macro   0x00015bab       0x61 ./Core/Src/main.o
 .debug_macro   0x00015c0c       0x24 ./Core/Src/main.o
 .debug_macro   0x00015c30       0x43 ./Core/Src/main.o
 .debug_macro   0x00015c73       0x34 ./Core/Src/main.o
 .debug_macro   0x00015ca7       0x16 ./Core/Src/main.o
 .debug_macro   0x00015cbd       0x35 ./Core/Src/main.o
 .debug_macro   0x00015cf2      0x369 ./Core/Src/main.o
 .debug_macro   0x0001605b       0x10 ./Core/Src/main.o
 .debug_macro   0x0001606b       0x16 ./Core/Src/main.o
 .debug_macro   0x00016081       0x43 ./Core/Src/main.o
 .debug_macro   0x000160c4       0x34 ./Core/Src/main.o
 .debug_macro   0x000160f8       0x10 ./Core/Src/main.o
 .debug_macro   0x00016108       0x58 ./Core/Src/main.o
 .debug_macro   0x00016160       0x8e ./Core/Src/main.o
 .debug_macro   0x000161ee       0x1c ./Core/Src/main.o
 .debug_macro   0x0001620a      0x177 ./Core/Src/main.o
 .debug_macro   0x00016381       0x16 ./Core/Src/main.o
 .debug_macro   0x00016397       0x16 ./Core/Src/main.o
 .debug_macro   0x000163ad      0x146 ./Core/Src/main.o
 .debug_macro   0x000164f3       0x16 ./Core/Src/main.o
 .debug_macro   0x00016509       0x16 ./Core/Src/main.o
 .debug_macro   0x0001651f       0x29 ./Core/Src/main.o
 .debug_macro   0x00016548       0x16 ./Core/Src/main.o
 .debug_macro   0x0001655e       0x20 ./Core/Src/main.o
 .debug_macro   0x0001657e       0x5f ./Core/Src/main.o
 .debug_macro   0x000165dd      0x1c8 ./Core/Src/main.o
 .debug_macro   0x000167a5       0x8f ./Core/Src/main.o
 .debug_macro   0x00016834       0x10 ./Core/Src/main.o
 .debug_macro   0x00016844      0x1c7 ./Core/Src/stm32f1xx_hal_msp.o
 .debug_macro   0x00016a0b      0x1d1 ./Core/Src/stm32f1xx_it.o
 .debug_macro   0x00016bdc       0xff ./Core/Src/sysmem.o
 .debug_macro   0x00016cdb      0x23c ./Core/Src/sysmem.o
 .debug_macro   0x00016f17      0x1bd ./Core/Src/system_stm32f1xx.o
 .debug_macro   0x000170d4      0x1e1 ./Drivers/STM32F1xx_HAL_Driver/Src/stm32f1xx_hal.o
 .debug_macro   0x000172b5      0x1bd ./Drivers/STM32F1xx_HAL_Driver/Src/stm32f1xx_hal_cortex.o
 .debug_macro   0x00017472      0x228 ./Drivers/STM32F1xx_HAL_Driver/Src/stm32f1xx_hal_gpio.o
 .debug_macro   0x0001769a      0x1c9 ./Drivers/STM32F1xx_HAL_Driver/Src/stm32f1xx_hal_pcd.o
 .debug_macro   0x00017863      0x1bd ./Drivers/STM32F1xx_HAL_Driver/Src/stm32f1xx_hal_pcd_ex.o
 .debug_macro   0x00017a20      0x1cf ./Drivers/STM32F1xx_HAL_Driver/Src/stm32f1xx_hal_rcc.o
 .debug_macro   0x00017bef      0x1bd ./Drivers/STM32F1xx_HAL_Driver/Src/stm32f1xx_hal_rcc_ex.o
 .debug_macro   0x00017dac      0x1be ./Drivers/STM32F1xx_HAL_Driver/Src/stm32f1xx_hal_tim.o
 .debug_macro   0x00017f6a      0x1bd ./Drivers/STM32F1xx_HAL_Driver/Src/stm32f1xx_hal_tim_ex.o
 .debug_macro   0x00018127      0x1bd ./Drivers/STM32F1xx_HAL_Driver/Src/stm32f1xx_ll_usb.o
 .debug_macro   0x000182e4      0x356 ./Middlewares/ST/STM32_USB_Device_Library/Class/CDC/Src/usbd_cdc.o
 .debug_macro   0x0001863a       0x9e ./Middlewares/ST/STM32_USB_Device_Library/Class/CDC/Src/usbd_cdc.o
 .debug_macro   0x000186d8      0x10b ./Middlewares/ST/STM32_USB_Device_Library/Class/CDC/Src/usbd_cdc.o
 .debug_macro   0x000187e3       0x56 ./Middlewares/ST/STM32_USB_Device_Library/Class/CDC/Src/usbd_cdc.o
 .debug_macro   0x00018839      0x33d ./Middlewares/ST/STM32_USB_Device_Library/Core/Src/usbd_core.o
 .debug_macro   0x00018b76      0x1ce ./Middlewares/ST/STM32_USB_Device_Library/Core/Src/usbd_core.o
 .debug_macro   0x00018d44      0x347 ./Middlewares/ST/STM32_USB_Device_Library/Core/Src/usbd_ctlreq.o
 .debug_macro   0x0001908b      0x343 ./Middlewares/ST/STM32_USB_Device_Library/Core/Src/usbd_ioreq.o
 .debug_macro   0x000193ce      0x37c ./USB_DEVICE/App/usb_device.o
 .debug_macro   0x0001974a       0x22 ./USB_DEVICE/App/usb_device.o
 .debug_macro   0x0001976c       0x16 ./USB_DEVICE/App/usb_device.o
 .debug_macro   0x00019782      0x361 ./USB_DEVICE/App/usbd_cdc_if.o
 .debug_macro   0x00019ae3      0x37a ./USB_DEVICE/App/usbd_desc.o
 .debug_macro   0x00019e5d       0x1c ./USB_DEVICE/App/usbd_desc.o
 .debug_macro   0x00019e79      0x360 ./USB_DEVICE/Target/usbd_conf.o

.debug_line     0x00000000    0x13cac
 .debug_line    0x00000000      0xb29 ./Core/Src/main.o
 .debug_line    0x00000b29      0x770 ./Core/Src/stm32f1xx_hal_msp.o
 .debug_line    0x00001299      0x826 ./Core/Src/stm32f1xx_it.o
 .debug_line    0x00001abf      0x583 ./Core/Src/sysmem.o
 .debug_line    0x00002042      0x7b2 ./Core/Src/system_stm32f1xx.o
 .debug_line    0x000027f4       0x78 ./Core/Startup/startup_stm32f103c8tx.o
 .debug_line    0x0000286c      0x9df ./Drivers/STM32F1xx_HAL_Driver/Src/stm32f1xx_hal.o
 .debug_line    0x0000324b      0xbcb ./Drivers/STM32F1xx_HAL_Driver/Src/stm32f1xx_hal_cortex.o
 .debug_line    0x00003e16      0xa78 ./Drivers/STM32F1xx_HAL_Driver/Src/stm32f1xx_hal_gpio.o
 .debug_line    0x0000488e     0x1434 ./Drivers/STM32F1xx_HAL_Driver/Src/stm32f1xx_hal_pcd.o
 .debug_line    0x00005cc2      0x7ad ./Drivers/STM32F1xx_HAL_Driver/Src/stm32f1xx_hal_pcd_ex.o
 .debug_line    0x0000646f      0xde8 ./Drivers/STM32F1xx_HAL_Driver/Src/stm32f1xx_hal_rcc.o
 .debug_line    0x00007257      0x929 ./Drivers/STM32F1xx_HAL_Driver/Src/stm32f1xx_hal_rcc_ex.o
 .debug_line    0x00007b80     0x3504 ./Drivers/STM32F1xx_HAL_Driver/Src/stm32f1xx_hal_tim.o
 .debug_line    0x0000b084     0x192e ./Drivers/STM32F1xx_HAL_Driver/Src/stm32f1xx_hal_tim_ex.o
 .debug_line    0x0000c9b2     0x10b0 ./Drivers/STM32F1xx_HAL_Driver/Src/stm32f1xx_ll_usb.o
 .debug_line    0x0000da62      0xd37 ./Middlewares/ST/STM32_USB_Device_Library/Class/CDC/Src/usbd_cdc.o
 .debug_line    0x0000e799      0xdb3 ./Middlewares/ST/STM32_USB_Device_Library/Core/Src/usbd_core.o
 .debug_line    0x0000f54c      0xff3 ./Middlewares/ST/STM32_USB_Device_Library/Core/Src/usbd_ctlreq.o
 .debug_line    0x0001053f      0xa49 ./Middlewares/ST/STM32_USB_Device_Library/Core/Src/usbd_ioreq.o
 .debug_line    0x00010f88      0xa09 ./USB_DEVICE/App/usb_device.o
 .debug_line    0x00011991      0xa58 ./USB_DEVICE/App/usbd_cdc_if.o
 .debug_line    0x000123e9      0xad2 ./USB_DEVICE/App/usbd_desc.o
 .debug_line    0x00012ebb      0xdf1 ./USB_DEVICE/Target/usbd_conf.o

.debug_str      0x00000000    0x8d024
 .debug_str     0x00000000    0x88eb3 ./Core/Src/main.o
                              0x89308 (size before relaxing)
 .debug_str     0x00088eb3      0x33a ./Core/Src/stm32f1xx_hal_msp.o
                              0x84c88 (size before relaxing)
 .debug_str     0x000891ed      0x3fb ./Core/Src/stm32f1xx_it.o
                              0x84cf4 (size before relaxing)
 .debug_str     0x000895e8      0x4dc ./Core/Src/sysmem.o
                               0x606c (size before relaxing)
 .debug_str     0x00089ac4       0x7e ./Core/Src/system_stm32f1xx.o
                              0x844ae (size before relaxing)
 .debug_str     0x00089b42       0x44 ./Core/Startup/startup_stm32f103c8tx.o
                                 0x77 (size before relaxing)
 .debug_str     0x00089b86      0x384 ./Drivers/STM32F1xx_HAL_Driver/Src/stm32f1xx_hal.o
                              0x84be1 (size before relaxing)
 .debug_str     0x00089f0a      0x26c ./Drivers/STM32F1xx_HAL_Driver/Src/stm32f1xx_hal_cortex.o
                              0x84b2d (size before relaxing)
 .debug_str     0x0008a176      0x2f6 ./Drivers/STM32F1xx_HAL_Driver/Src/stm32f1xx_hal_gpio.o
                              0x84834 (size before relaxing)
 .debug_str     0x0008a46c      0x5bd ./Drivers/STM32F1xx_HAL_Driver/Src/stm32f1xx_hal_pcd.o
                              0x84dcb (size before relaxing)
 .debug_str     0x0008aa29      0x170 ./Drivers/STM32F1xx_HAL_Driver/Src/stm32f1xx_hal_pcd_ex.o
                              0x8492d (size before relaxing)
 .debug_str     0x0008ab99      0x229 ./Drivers/STM32F1xx_HAL_Driver/Src/stm32f1xx_hal_rcc.o
                              0x848dd (size before relaxing)
 .debug_str     0x0008adc2       0x9f ./Drivers/STM32F1xx_HAL_Driver/Src/stm32f1xx_hal_rcc_ex.o
                              0x8462d (size before relaxing)
 .debug_str     0x0008ae61      0xdbd ./Drivers/STM32F1xx_HAL_Driver/Src/stm32f1xx_hal_tim.o
                              0x858df (size before relaxing)
 .debug_str     0x0008bc1e      0x493 ./Drivers/STM32F1xx_HAL_Driver/Src/stm32f1xx_hal_tim_ex.o
                              0x850eb (size before relaxing)
 .debug_str     0x0008c0b1      0x129 ./Drivers/STM32F1xx_HAL_Driver/Src/stm32f1xx_ll_usb.o
                              0x8497f (size before relaxing)
 .debug_str     0x0008c1da      0x645 ./Middlewares/ST/STM32_USB_Device_Library/Class/CDC/Src/usbd_cdc.o
                              0x89377 (size before relaxing)
 .debug_str     0x0008c81f      0x281 ./Middlewares/ST/STM32_USB_Device_Library/Core/Src/usbd_core.o
                              0x88ca7 (size before relaxing)
 .debug_str     0x0008caa0      0x120 ./Middlewares/ST/STM32_USB_Device_Library/Core/Src/usbd_ctlreq.o
                              0x88bc1 (size before relaxing)
 .debug_str     0x0008cbc0       0x51 ./Middlewares/ST/STM32_USB_Device_Library/Core/Src/usbd_ioreq.o
                              0x88aee (size before relaxing)
 .debug_str     0x0008cc11       0xc6 ./USB_DEVICE/App/usb_device.o
                              0x88e79 (size before relaxing)
 .debug_str     0x0008ccd7       0x7d ./USB_DEVICE/App/usbd_cdc_if.o
                              0x88ec2 (size before relaxing)
 .debug_str     0x0008cd54      0x258 ./USB_DEVICE/App/usbd_desc.o
                              0x88a2a (size before relaxing)
 .debug_str     0x0008cfac       0x78 ./USB_DEVICE/Target/usbd_conf.o
                              0x89904 (size before relaxing)

.comment        0x00000000       0x43
 .comment       0x00000000       0x43 ./Core/Src/main.o
                                 0x44 (size before relaxing)
 .comment       0x00000043       0x44 ./Core/Src/stm32f1xx_hal_msp.o
 .comment       0x00000043       0x44 ./Core/Src/stm32f1xx_it.o
 .comment       0x00000043       0x44 ./Core/Src/sysmem.o
 .comment       0x00000043       0x44 ./Core/Src/system_stm32f1xx.o
 .comment       0x00000043       0x44 ./Drivers/STM32F1xx_HAL_Driver/Src/stm32f1xx_hal.o
 .comment       0x00000043       0x44 ./Drivers/STM32F1xx_HAL_Driver/Src/stm32f1xx_hal_cortex.o
 .comment       0x00000043       0x44 ./Drivers/STM32F1xx_HAL_Driver/Src/stm32f1xx_hal_gpio.o
 .comment       0x00000043       0x44 ./Drivers/STM32F1xx_HAL_Driver/Src/stm32f1xx_hal_pcd.o
 .comment       0x00000043       0x44 ./Drivers/STM32F1xx_HAL_Driver/Src/stm32f1xx_hal_pcd_ex.o
 .comment       0x00000043       0x44 ./Drivers/STM32F1xx_HAL_Driver/Src/stm32f1xx_hal_rcc.o